Archive member included to satisfy reference by file (symbol)

c:/program files (x86)/gnu arm embedded toolchain/10 2021.10/bin/../lib/gcc/arm-none-eabi/10.3.1/../../../../arm-none-eabi/lib/thumb/v7e-m+fp/hard\libc_nano.a(lib_a-errno.o)
                              build/sysmem.o (__errno)
c:/program files (x86)/gnu arm embedded toolchain/10 2021.10/bin/../lib/gcc/arm-none-eabi/10.3.1/../../../../arm-none-eabi/lib/thumb/v7e-m+fp/hard\libc_nano.a(lib_a-exit.o)
                              c:/program files (x86)/gnu arm embedded toolchain/10 2021.10/bin/../lib/gcc/arm-none-eabi/10.3.1/../../../../arm-none-eabi/lib/thumb/v7e-m+fp/hard/crt0.o (exit)
c:/program files (x86)/gnu arm embedded toolchain/10 2021.10/bin/../lib/gcc/arm-none-eabi/10.3.1/../../../../arm-none-eabi/lib/thumb/v7e-m+fp/hard\libc_nano.a(lib_a-impure.o)
                              c:/program files (x86)/gnu arm embedded toolchain/10 2021.10/bin/../lib/gcc/arm-none-eabi/10.3.1/../../../../arm-none-eabi/lib/thumb/v7e-m+fp/hard\libc_nano.a(lib_a-exit.o) (_global_impure_ptr)
c:/program files (x86)/gnu arm embedded toolchain/10 2021.10/bin/../lib/gcc/arm-none-eabi/10.3.1/../../../../arm-none-eabi/lib/thumb/v7e-m+fp/hard\libc_nano.a(lib_a-init.o)
                              c:/program files (x86)/gnu arm embedded toolchain/10 2021.10/bin/../lib/gcc/arm-none-eabi/10.3.1/../../../../arm-none-eabi/lib/thumb/v7e-m+fp/hard/crt0.o (__libc_init_array)
c:/program files (x86)/gnu arm embedded toolchain/10 2021.10/bin/../lib/gcc/arm-none-eabi/10.3.1/../../../../arm-none-eabi/lib/thumb/v7e-m+fp/hard\libc_nano.a(lib_a-memset.o)
                              c:/program files (x86)/gnu arm embedded toolchain/10 2021.10/bin/../lib/gcc/arm-none-eabi/10.3.1/../../../../arm-none-eabi/lib/thumb/v7e-m+fp/hard/crt0.o (memset)
c:/program files (x86)/gnu arm embedded toolchain/10 2021.10/bin/../lib/gcc/arm-none-eabi/10.3.1/thumb/v7e-m+fp/hard\libgcc.a(_aeabi_uldivmod.o)
                              build/stm32l4xx_hal_uart.o (__aeabi_uldivmod)
c:/program files (x86)/gnu arm embedded toolchain/10 2021.10/bin/../lib/gcc/arm-none-eabi/10.3.1/thumb/v7e-m+fp/hard\libgcc.a(_udivmoddi4.o)
                              c:/program files (x86)/gnu arm embedded toolchain/10 2021.10/bin/../lib/gcc/arm-none-eabi/10.3.1/thumb/v7e-m+fp/hard\libgcc.a(_aeabi_uldivmod.o) (__udivmoddi4)
c:/program files (x86)/gnu arm embedded toolchain/10 2021.10/bin/../lib/gcc/arm-none-eabi/10.3.1/thumb/v7e-m+fp/hard\libgcc.a(_dvmd_tls.o)
                              c:/program files (x86)/gnu arm embedded toolchain/10 2021.10/bin/../lib/gcc/arm-none-eabi/10.3.1/thumb/v7e-m+fp/hard\libgcc.a(_aeabi_uldivmod.o) (__aeabi_ldiv0)

Discarded input sections

 .text          0x00000000        0x0 c:/program files (x86)/gnu arm embedded toolchain/10 2021.10/bin/../lib/gcc/arm-none-eabi/10.3.1/thumb/v7e-m+fp/hard/crti.o
 .data          0x00000000        0x0 c:/program files (x86)/gnu arm embedded toolchain/10 2021.10/bin/../lib/gcc/arm-none-eabi/10.3.1/thumb/v7e-m+fp/hard/crti.o
 .bss           0x00000000        0x0 c:/program files (x86)/gnu arm embedded toolchain/10 2021.10/bin/../lib/gcc/arm-none-eabi/10.3.1/thumb/v7e-m+fp/hard/crti.o
 .data          0x00000000        0x4 c:/program files (x86)/gnu arm embedded toolchain/10 2021.10/bin/../lib/gcc/arm-none-eabi/10.3.1/thumb/v7e-m+fp/hard/crtbegin.o
 .rodata        0x00000000       0x24 c:/program files (x86)/gnu arm embedded toolchain/10 2021.10/bin/../lib/gcc/arm-none-eabi/10.3.1/thumb/v7e-m+fp/hard/crtbegin.o
 .text          0x00000000       0x7c c:/program files (x86)/gnu arm embedded toolchain/10 2021.10/bin/../lib/gcc/arm-none-eabi/10.3.1/../../../../arm-none-eabi/lib/thumb/v7e-m+fp/hard/crt0.o
 .data          0x00000000        0x0 c:/program files (x86)/gnu arm embedded toolchain/10 2021.10/bin/../lib/gcc/arm-none-eabi/10.3.1/../../../../arm-none-eabi/lib/thumb/v7e-m+fp/hard/crt0.o
 .bss           0x00000000        0x0 c:/program files (x86)/gnu arm embedded toolchain/10 2021.10/bin/../lib/gcc/arm-none-eabi/10.3.1/../../../../arm-none-eabi/lib/thumb/v7e-m+fp/hard/crt0.o
 .ARM.extab     0x00000000        0x0 c:/program files (x86)/gnu arm embedded toolchain/10 2021.10/bin/../lib/gcc/arm-none-eabi/10.3.1/../../../../arm-none-eabi/lib/thumb/v7e-m+fp/hard/crt0.o
 .ARM.exidx     0x00000000       0x10 c:/program files (x86)/gnu arm embedded toolchain/10 2021.10/bin/../lib/gcc/arm-none-eabi/10.3.1/../../../../arm-none-eabi/lib/thumb/v7e-m+fp/hard/crt0.o
 .ARM.attributes
                0x00000000       0x1c c:/program files (x86)/gnu arm embedded toolchain/10 2021.10/bin/../lib/gcc/arm-none-eabi/10.3.1/../../../../arm-none-eabi/lib/thumb/v7e-m+fp/hard/crt0.o
 .text          0x00000000        0x0 build/main.o
 .data          0x00000000        0x0 build/main.o
 .bss           0x00000000        0x0 build/main.o
 .text          0x00000000        0x0 build/stm32l4xx_it.o
 .data          0x00000000        0x0 build/stm32l4xx_it.o
[...]
Memory Configuration

Name             Origin             Length             Attributes
RAM              0x20000000         0x0000c000         xrw
RAM2             0x10000000         0x00004000         xrw
FLASH            0x08000000         0x00040000         xr
*default*        0x00000000         0xffffffff

Linker script and memory map

LOAD c:/program files (x86)/gnu arm embedded toolchain/10 2021.10/bin/../lib/gcc/arm-none-eabi/10.3.1/thumb/v7e-m+fp/hard/crti.o
LOAD c:/program files (x86)/gnu arm embedded toolchain/10 2021.10/bin/../lib/gcc/arm-none-eabi/10.3.1/thumb/v7e-m+fp/hard/crtbegin.o
LOAD c:/program files (x86)/gnu arm embedded toolchain/10 2021.10/bin/../lib/gcc/arm-none-eabi/10.3.1/../../../../arm-none-eabi/lib/thumb/v7e-m+fp/hard/crt0.o
LOAD build/main.o
LOAD build/stm32l4xx_it.o
LOAD build/stm32l4xx_hal_msp.o
LOAD build/stm32l4xx_hal_tim.o
LOAD build/stm32l4xx_hal_tim_ex.o
LOAD build/stm32l4xx_hal.o
LOAD build/stm32l4xx_hal_rcc.o
LOAD build/stm32l4xx_hal_rcc_ex.o
LOAD build/stm32l4xx_hal_flash.o
LOAD build/stm32l4xx_hal_flash_ex.o
LOAD build/stm32l4xx_hal_flash_ramfunc.o
LOAD build/stm32l4xx_hal_gpio.o
LOAD build/stm32l4xx_hal_i2c.o
LOAD build/stm32l4xx_hal_i2c_ex.o
LOAD build/stm32l4xx_hal_dma.o
LOAD build/stm32l4xx_hal_dma_ex.o
LOAD build/stm32l4xx_hal_pwr.o
LOAD build/stm32l4xx_hal_pwr_ex.o
LOAD build/stm32l4xx_hal_cortex.o
LOAD build/stm32l4xx_hal_exti.o
LOAD build/stm32l4xx_hal_uart.o
LOAD build/stm32l4xx_hal_uart_ex.o
LOAD build/system_stm32l4xx.o
LOAD build/sysmem.o
LOAD build/syscalls.o
LOAD build/startup_stm32l433xx.o
LOAD c:/program files (x86)/gnu arm embedded toolchain/10 2021.10/bin/../lib/gcc/arm-none-eabi/10.3.1/../../../../arm-none-eabi/lib/thumb/v7e-m+fp/hard\libc_nano.a
LOAD c:/program files (x86)/gnu arm embedded toolchain/10 2021.10/bin/../lib/gcc/arm-none-eabi/10.3.1/../../../../arm-none-eabi/lib/thumb/v7e-m+fp/hard\libm.a
LOAD c:/program files (x86)/gnu arm embedded toolchain/10 2021.10/bin/../lib/gcc/arm-none-eabi/10.3.1/../../../../arm-none-eabi/lib/thumb/v7e-m+fp/hard\libnosys.a
START GROUP
LOAD c:/program files (x86)/gnu arm embedded toolchain/10 2021.10/bin/../lib/gcc/arm-none-eabi/10.3.1/thumb/v7e-m+fp/hard\libgcc.a
LOAD c:/program files (x86)/gnu arm embedded toolchain/10 2021.10/bin/../lib/gcc/arm-none-eabi/10.3.1/../../../../arm-none-eabi/lib/thumb/v7e-m+fp/hard\libc_nano.a
END GROUP
START GROUP
LOAD c:/program files (x86)/gnu arm embedded toolchain/10 2021.10/bin/../lib/gcc/arm-none-eabi/10.3.1/thumb/v7e-m+fp/hard\libgcc.a
LOAD c:/program files (x86)/gnu arm embedded toolchain/10 2021.10/bin/../lib/gcc/arm-none-eabi/10.3.1/../../../../arm-none-eabi/lib/thumb/v7e-m+fp/hard\libc_nano.a
END GROUP
LOAD c:/program files (x86)/gnu arm embedded toolchain/10 2021.10/bin/../lib/gcc/arm-none-eabi/10.3.1/thumb/v7e-m+fp/hard/crtend.o
LOAD c:/program files (x86)/gnu arm embedded toolchain/10 2021.10/bin/../lib/gcc/arm-none-eabi/10.3.1/thumb/v7e-m+fp/hard/crtn.o
                0x2000c000                _estack = (ORIGIN (RAM) + LENGTH (RAM))
                0x00000200                _Min_Heap_Size = 0x200
                0x00000400                _Min_Stack_Size = 0x400

.isr_vector     0x08000000      0x190
                0x08000000                . = ALIGN (0x8)
 *(.isr_vector)
 .isr_vector    0x08000000      0x18c build/startup_stm32l433xx.o
                0x08000000                g_pfnVectors
                0x08000190                . = ALIGN (0x8)
 *fill*         0x0800018c        0x4 

.text           0x08000190     0x2c08
                0x08000190                . = ALIGN (0x8)
 *(.text)
 .text          0x08000190       0x40 c:/program files (x86)/gnu arm embedded toolchain/10 2021.10/bin/../lib/gcc/arm-none-eabi/10.3.1/thumb/v7e-m+fp/hard/crtbegin.o
 .text          0x080001d0       0x30 c:/program files (x86)/gnu arm embedded toolchain/10 2021.10/bin/../lib/gcc/arm-none-eabi/10.3.1/thumb/v7e-m+fp/hard\libgcc.a(_aeabi_uldivmod.o)
                0x080001d0                __aeabi_uldivmod
 .text          0x08000200      0x2d0 c:/program files (x86)/gnu arm embedded toolchain/10 2021.10/bin/../lib/gcc/arm-none-eabi/10.3.1/thumb/v7e-m+fp/hard\libgcc.a(_udivmoddi4.o)
                0x08000200                __udivmoddi4
 .text          0x080004d0        0x4 c:/program files (x86)/gnu arm embedded toolchain/10 2021.10/bin/../lib/gcc/arm-none-eabi/10.3.1/thumb/v7e-m+fp/hard\libgcc.a(_dvmd_tls.o)
                0x080004d0                __aeabi_idiv0
                0x080004d0                __aeabi_ldiv0
 *(.text*)
 .text.MX_GPIO_Init
                0x080004d4       0x20 build/main.o
 .text.selectMessage
                0x080004f4       0x5c build/main.o
                0x080004f4                selectMessage
 .text.analysisMessage
                0x08000550       0xa8 build/main.o
                0x08000550                analysisMessage
 .text.HAL_TIM_PeriodElapsedCallback
                0x080005f8       0x12 build/main.o
                0x080005f8                HAL_TIM_PeriodElapsedCallback
 .text.Error_Handler
                0x0800060a        0x4 build/main.o
                0x0800060a                Error_Handler
 *fill*         0x0800060e        0x2 
 .text.MX_TIM2_Init
                0x08000610       0x6c build/main.o
 .text.MX_USART1_UART_Init
                0x0800067c       0x38 build/main.o
 .text.SystemClock_Config
                0x080006b4       0x7c build/main.o
                0x080006b4                SystemClock_Config
 .text.main     0x08000730       0x38 build/main.o
                0x08000730                main
 .text.NMI_Handler
                0x08000768        0x2 build/stm32l4xx_it.o
                0x08000768                NMI_Handler
 .text.HardFault_Handler
                0x0800076a        0x2 build/stm32l4xx_it.o
                0x0800076a                HardFault_Handler
 .text.MemManage_Handler
                0x0800076c        0x2 build/stm32l4xx_it.o
                0x0800076c                MemManage_Handler
 .text.BusFault_Handler
                0x0800076e        0x2 build/stm32l4xx_it.o
                0x0800076e                BusFault_Handler
 .text.UsageFault_Handler
                0x08000770        0x2 build/stm32l4xx_it.o
                0x08000770                UsageFault_Handler
 .text.SVC_Handler
                0x08000772        0x2 build/stm32l4xx_it.o
                0x08000772                SVC_Handler
 .text.DebugMon_Handler
                0x08000774        0x2 build/stm32l4xx_it.o
                0x08000774                DebugMon_Handler
 .text.PendSV_Handler
                0x08000776        0x2 build/stm32l4xx_it.o
                0x08000776                PendSV_Handler
 .text.SysTick_Handler
                0x08000778        0x8 build/stm32l4xx_it.o
                0x08000778                SysTick_Handler
 .text.TIM2_IRQHandler
                0x08000780       0x10 build/stm32l4xx_it.o
                0x08000780                TIM2_IRQHandler
 .text.USART1_IRQHandler
                0x08000790       0x10 build/stm32l4xx_it.o
                0x08000790                USART1_IRQHandler
 .text.HAL_MspInit
                0x080007a0       0x30 build/stm32l4xx_hal_msp.o
                0x080007a0                HAL_MspInit
 .text.HAL_TIM_Base_MspInit
                0x080007d0       0x3a build/stm32l4xx_hal_msp.o
                0x080007d0                HAL_TIM_Base_MspInit
 *fill*         0x0800080a        0x2 
 .text.HAL_UART_MspInit
                0x0800080c       0x98 build/stm32l4xx_hal_msp.o
                0x0800080c                HAL_UART_MspInit
 .text.TIM_TI1_ConfigInputStage
                0x080008a4       0x26 build/stm32l4xx_hal_tim.o
 .text.TIM_TI2_ConfigInputStage
                0x080008ca       0x28 build/stm32l4xx_hal_tim.o
 .text.TIM_ITRx_SetConfig
                0x080008f2       0x10 build/stm32l4xx_hal_tim.o
 *fill*         0x08000902        0x2 
 .text.HAL_TIM_Base_Start_IT
                0x08000904       0x6c build/stm32l4xx_hal_tim.o
                0x08000904                HAL_TIM_Base_Start_IT
 .text.HAL_TIM_OC_DelayElapsedCallback
                0x08000970        0x2 build/stm32l4xx_hal_tim.o
                0x08000970                HAL_TIM_OC_DelayElapsedCallback
 .text.HAL_TIM_IC_CaptureCallback
                0x08000972        0x2 build/stm32l4xx_hal_tim.o
                0x08000972                HAL_TIM_IC_CaptureCallback
 .text.HAL_TIM_PWM_PulseFinishedCallback
                0x08000974        0x2 build/stm32l4xx_hal_tim.o
                0x08000974                HAL_TIM_PWM_PulseFinishedCallback
 .text.HAL_TIM_TriggerCallback
                0x08000976        0x2 build/stm32l4xx_hal_tim.o
                0x08000976                HAL_TIM_TriggerCallback
 .text.HAL_TIM_IRQHandler
                0x08000978      0x17a build/stm32l4xx_hal_tim.o
                0x08000978                HAL_TIM_IRQHandler
 *fill*         0x08000af2        0x2 
 .text.TIM_Base_SetConfig
                0x08000af4       0x70 build/stm32l4xx_hal_tim.o
                0x08000af4                TIM_Base_SetConfig
 .text.HAL_TIM_Base_Init
                0x08000b64       0x60 build/stm32l4xx_hal_tim.o
                0x08000b64                HAL_TIM_Base_Init
 .text.TIM_ETR_SetConfig
                0x08000bc4       0x1a build/stm32l4xx_hal_tim.o
                0x08000bc4                TIM_ETR_SetConfig
 *fill*         0x08000bde        0x2 
 .text.HAL_TIM_ConfigClockSource
                0x08000be0      0x100 build/stm32l4xx_hal_tim.o
                0x08000be0                HAL_TIM_ConfigClockSource
 .text.HAL_TIMEx_MasterConfigSynchronization
                0x08000ce0       0x70 build/stm32l4xx_hal_tim_ex.o
                0x08000ce0                HAL_TIMEx_MasterConfigSynchronization
 .text.HAL_TIMEx_CommutCallback
                0x08000d50        0x2 build/stm32l4xx_hal_tim_ex.o
                0x08000d50                HAL_TIMEx_CommutCallback
 .text.HAL_TIMEx_BreakCallback
                0x08000d52        0x2 build/stm32l4xx_hal_tim_ex.o
                0x08000d52                HAL_TIMEx_BreakCallback
 .text.HAL_TIMEx_Break2Callback
                0x08000d54        0x2 build/stm32l4xx_hal_tim_ex.o
                0x08000d54                HAL_TIMEx_Break2Callback
 *fill*         0x08000d56        0x2 
 .text.HAL_InitTick
                0x08000d58       0x50 build/stm32l4xx_hal.o
                0x08000d58                HAL_InitTick
 .text.HAL_Init
                0x08000da8       0x1e build/stm32l4xx_hal.o
                0x08000da8                HAL_Init
 *fill*         0x08000dc6        0x2 
 .text.HAL_IncTick
                0x08000dc8       0x18 build/stm32l4xx_hal.o
                0x08000dc8                HAL_IncTick
 .text.HAL_GetTick
                0x08000de0        0xc build/stm32l4xx_hal.o
                0x08000de0                HAL_GetTick
 .text.RCC_SetFlashLatencyFromMSIRange
                0x08000dec       0x90 build/stm32l4xx_hal_rcc.o
 .text.HAL_RCC_GetSysClockFreq
                0x08000e7c       0xb4 build/stm32l4xx_hal_rcc.o
                0x08000e7c                HAL_RCC_GetSysClockFreq
 .text.HAL_RCC_OscConfig
                0x08000f30      0x66c build/stm32l4xx_hal_rcc.o
                0x08000f30                HAL_RCC_OscConfig
 .text.HAL_RCC_ClockConfig
                0x0800159c      0x188 build/stm32l4xx_hal_rcc.o
                0x0800159c                HAL_RCC_ClockConfig
 .text.HAL_RCC_GetHCLKFreq
                0x08001724        0xc build/stm32l4xx_hal_rcc.o
                0x08001724                HAL_RCC_GetHCLKFreq
 .text.HAL_RCC_GetPCLK1Freq
                0x08001730       0x24 build/stm32l4xx_hal_rcc.o
                0x08001730                HAL_RCC_GetPCLK1Freq
 .text.HAL_RCC_GetPCLK2Freq
                0x08001754       0x24 build/stm32l4xx_hal_rcc.o
                0x08001754                HAL_RCC_GetPCLK2Freq
 .text.RCCEx_PLLSAI1_Config
                0x08001778      0x16c build/stm32l4xx_hal_rcc_ex.o
 .text.HAL_RCCEx_PeriphCLKConfig
                0x080018e4      0x364 build/stm32l4xx_hal_rcc_ex.o
                0x080018e4                HAL_RCCEx_PeriphCLKConfig
 .text.HAL_GPIO_Init
                0x08001c48      0x1c8 build/stm32l4xx_hal_gpio.o
                0x08001c48                HAL_GPIO_Init
 .text.HAL_DMA_Abort
                0x08001e10       0x4a build/stm32l4xx_hal_dma.o
                0x08001e10                HAL_DMA_Abort
 .text.HAL_DMA_Abort_IT
                0x08001e5a       0x50 build/stm32l4xx_hal_dma.o
                0x08001e5a                HAL_DMA_Abort_IT
 *fill*         0x08001eaa        0x2 
 .text.HAL_PWREx_GetVoltageRange
                0x08001eac       0x10 build/stm32l4xx_hal_pwr_ex.o
                0x08001eac                HAL_PWREx_GetVoltageRange
 .text.HAL_PWREx_ControlVoltageScaling
                0x08001ebc       0x90 build/stm32l4xx_hal_pwr_ex.o
                0x08001ebc                HAL_PWREx_ControlVoltageScaling
 .text.HAL_NVIC_SetPriorityGrouping
                0x08001f4c       0x24 build/stm32l4xx_hal_cortex.o
                0x08001f4c                HAL_NVIC_SetPriorityGrouping
 .text.HAL_NVIC_SetPriority
                0x08001f70       0x70 build/stm32l4xx_hal_cortex.o
                0x08001f70                HAL_NVIC_SetPriority
 .text.HAL_NVIC_EnableIRQ
                0x08001fe0       0x1c build/stm32l4xx_hal_cortex.o
                0x08001fe0                HAL_NVIC_EnableIRQ
 .text.HAL_SYSTICK_Config
                0x08001ffc       0x28 build/stm32l4xx_hal_cortex.o
                0x08001ffc                HAL_SYSTICK_Config
 .text.UART_EndRxTransfer
                0x08002024       0x52 build/stm32l4xx_hal_uart.o
 .text.UART_TxISR_8BIT
                0x08002076       0x54 build/stm32l4xx_hal_uart.o
 .text.UART_TxISR_16BIT
                0x080020ca       0x58 build/stm32l4xx_hal_uart.o
 *fill*         0x08002122        0x2 
 .text.HAL_UART_Transmit_IT
                0x08002124       0x64 build/stm32l4xx_hal_uart.o
                0x08002124                HAL_UART_Transmit_IT
 .text.HAL_UART_TxCpltCallback
                0x08002188        0x2 build/stm32l4xx_hal_uart.o
                0x08002188                HAL_UART_TxCpltCallback
 .text.UART_EndTransmit_IT
                0x0800218a       0x22 build/stm32l4xx_hal_uart.o
 .text.HAL_UART_RxCpltCallback
                0x080021ac        0x2 build/stm32l4xx_hal_uart.o
                0x080021ac                HAL_UART_RxCpltCallback
 .text.HAL_UART_ErrorCallback
                0x080021ae        0x2 build/stm32l4xx_hal_uart.o
                0x080021ae                HAL_UART_ErrorCallback
 .text.UART_DMAAbortOnError
                0x080021b0       0x14 build/stm32l4xx_hal_uart.o
 .text.HAL_UARTEx_RxEventCallback
                0x080021c4        0x2 build/stm32l4xx_hal_uart.o
                0x080021c4                HAL_UARTEx_RxEventCallback
 *fill*         0x080021c6        0x2 
 .text.HAL_UART_IRQHandler
                0x080021c8      0x2f0 build/stm32l4xx_hal_uart.o
                0x080021c8                HAL_UART_IRQHandler
 .text.UART_RxISR_8BIT
                0x080024b8       0xdc build/stm32l4xx_hal_uart.o
 .text.UART_RxISR_16BIT
                0x08002594       0xdc build/stm32l4xx_hal_uart.o
 .text.UART_SetConfig
                0x08002670      0x2a0 build/stm32l4xx_hal_uart.o
                0x08002670                UART_SetConfig
 .text.UART_AdvFeatureConfig
                0x08002910       0xca build/stm32l4xx_hal_uart.o
                0x08002910                UART_AdvFeatureConfig
 .text.UART_WaitOnFlagUntilTimeout
                0x080029da       0x9a build/stm32l4xx_hal_uart.o
                0x080029da                UART_WaitOnFlagUntilTimeout
 .text.UART_CheckIdleState
                0x08002a74       0xc6 build/stm32l4xx_hal_uart.o
                0x08002a74                UART_CheckIdleState
 .text.HAL_UART_Init
                0x08002b3a       0x62 build/stm32l4xx_hal_uart.o
                0x08002b3a                HAL_UART_Init
 .text.UART_Start_Receive_IT
                0x08002b9c       0xd4 build/stm32l4xx_hal_uart.o
                0x08002b9c                UART_Start_Receive_IT
 .text.HAL_UART_Receive_IT
                0x08002c70       0x4c build/stm32l4xx_hal_uart.o
                0x08002c70                HAL_UART_Receive_IT
 .text.HAL_UARTEx_WakeupCallback
                0x08002cbc        0x2 build/stm32l4xx_hal_uart_ex.o
                0x08002cbc                HAL_UARTEx_WakeupCallback
 *fill*         0x08002cbe        0x2 
 .text.SystemInit
                0x08002cc0       0x14 build/system_stm32l4xx.o
                0x08002cc0                SystemInit
 .text.Reset_Handler
                0x08002cd4       0x50 build/startup_stm32l433xx.o
                0x08002cd4                Reset_Handler
 .text.Default_Handler
                0x08002d24        0x2 build/startup_stm32l433xx.o
                0x08002d24                RTC_Alarm_IRQHandler
                0x08002d24                EXTI2_IRQHandler
                0x08002d24                TIM1_CC_IRQHandler
                0x08002d24                TSC_IRQHandler
                0x08002d24                TAMP_STAMP_IRQHandler
                0x08002d24                EXTI3_IRQHandler
                0x08002d24                LPTIM2_IRQHandler
                0x08002d24                I2C3_ER_IRQHandler
                0x08002d24                EXTI0_IRQHandler
                0x08002d24                I2C2_EV_IRQHandler
                0x08002d24                CAN1_RX0_IRQHandler
                0x08002d24                FPU_IRQHandler
                0x08002d24                TIM1_UP_TIM16_IRQHandler
                0x08002d24                SPI1_IRQHandler
                0x08002d24                TIM6_DAC_IRQHandler
                0x08002d24                DMA2_Channel2_IRQHandler
                0x08002d24                DMA1_Channel4_IRQHandler
                0x08002d24                ADC1_IRQHandler
                0x08002d24                USART3_IRQHandler
                0x08002d24                DMA1_Channel7_IRQHandler
                0x08002d24                CAN1_RX1_IRQHandler
                0x08002d24                LCD_IRQHandler
                0x08002d24                DMA2_Channel1_IRQHandler
                0x08002d24                QUADSPI_IRQHandler
                0x08002d24                I2C1_EV_IRQHandler
                0x08002d24                DMA1_Channel6_IRQHandler
                0x08002d24                DMA2_Channel4_IRQHandler
                0x08002d24                RCC_IRQHandler
                0x08002d24                TIM1_TRG_COM_IRQHandler
                0x08002d24                DMA1_Channel1_IRQHandler
                0x08002d24                Default_Handler
                0x08002d24                DMA2_Channel7_IRQHandler
                0x08002d24                EXTI15_10_IRQHandler
                0x08002d24                TIM7_IRQHandler
                0x08002d24                SDMMC1_IRQHandler
                0x08002d24                I2C3_EV_IRQHandler
                0x08002d24                USB_IRQHandler
                0x08002d24                EXTI9_5_IRQHandler
                0x08002d24                RTC_WKUP_IRQHandler
                0x08002d24                PVD_PVM_IRQHandler
                0x08002d24                SPI2_IRQHandler
                0x08002d24                CAN1_TX_IRQHandler
                0x08002d24                DMA2_Channel5_IRQHandler
                0x08002d24                CRS_IRQHandler
                0x08002d24                DMA1_Channel5_IRQHandler
                0x08002d24                EXTI4_IRQHandler
                0x08002d24                RNG_IRQHandler
                0x08002d24                DMA1_Channel3_IRQHandler
                0x08002d24                COMP_IRQHandler
                0x08002d24                WWDG_IRQHandler
                0x08002d24                LPUART1_IRQHandler
                0x08002d24                DMA2_Channel6_IRQHandler
                0x08002d24                EXTI1_IRQHandler
                0x08002d24                USART2_IRQHandler
                0x08002d24                I2C2_ER_IRQHandler
                0x08002d24                DMA1_Channel2_IRQHandler
                0x08002d24                CAN1_SCE_IRQHandler
                0x08002d24                FLASH_IRQHandler
                0x08002d24                SPI3_IRQHandler
                0x08002d24                I2C1_ER_IRQHandler
                0x08002d24                SWPMI1_IRQHandler
                0x08002d24                LPTIM1_IRQHandler
                0x08002d24                SAI1_IRQHandler
                0x08002d24                DMA2_Channel3_IRQHandler
                0x08002d24                TIM1_BRK_TIM15_IRQHandler
 *fill*         0x08002d26        0x2 
 .text.__libc_init_array
                0x08002d28       0x48 c:/program files (x86)/gnu arm embedded toolchain/10 2021.10/bin/../lib/gcc/arm-none-eabi/10.3.1/../../../../arm-none-eabi/lib/thumb/v7e-m+fp/hard\libc_nano.a(lib_a-init.o)
                0x08002d28                __libc_init_array
 .text.memset   0x08002d70       0x10 c:/program files (x86)/gnu arm embedded toolchain/10 2021.10/bin/../lib/gcc/arm-none-eabi/10.3.1/../../../../arm-none-eabi/lib/thumb/v7e-m+fp/hard\libc_nano.a(lib_a-memset.o)
                0x08002d70                memset
 *(.glue_7)
 .glue_7        0x08002d80        0x0 linker stubs
 *(.glue_7t)
 .glue_7t       0x08002d80        0x0 linker stubs
 *(.eh_frame)
 .eh_frame      0x08002d80        0x0 c:/program files (x86)/gnu arm embedded toolchain/10 2021.10/bin/../lib/gcc/arm-none-eabi/10.3.1/thumb/v7e-m+fp/hard/crtbegin.o
 *(.init)
 .init          0x08002d80        0x4 c:/program files (x86)/gnu arm embedded toolchain/10 2021.10/bin/../lib/gcc/arm-none-eabi/10.3.1/thumb/v7e-m+fp/hard/crti.o
                0x08002d80                _init
 .init          0x08002d84        0x8 c:/program files (x86)/gnu arm embedded toolchain/10 2021.10/bin/../lib/gcc/arm-none-eabi/10.3.1/thumb/v7e-m+fp/hard/crtn.o
 *(.fini)
 .fini          0x08002d8c        0x4 c:/program files (x86)/gnu arm embedded toolchain/10 2021.10/bin/../lib/gcc/arm-none-eabi/10.3.1/thumb/v7e-m+fp/hard/crti.o
                0x08002d8c                _fini
 .fini          0x08002d90        0x8 c:/program files (x86)/gnu arm embedded toolchain/10 2021.10/bin/../lib/gcc/arm-none-eabi/10.3.1/thumb/v7e-m+fp/hard/crtn.o
                0x08002d98                . = ALIGN (0x8)
                0x08002d98                _etext = .

.vfp11_veneer   0x08002d98        0x0
 .vfp11_veneer  0x08002d98        0x0 linker stubs

.v4_bx          0x08002d98        0x0
 .v4_bx         0x08002d98        0x0 linker stubs

.iplt           0x08002d98        0x0
 .iplt          0x08002d98        0x0 c:/program files (x86)/gnu arm embedded toolchain/10 2021.10/bin/../lib/gcc/arm-none-eabi/10.3.1/thumb/v7e-m+fp/hard/crtbegin.o

.rodata         0x08002d98       0xc0
                0x08002d98                . = ALIGN (0x8)
 *(.rodata)
 *(.rodata*)
 .rodata.analysisMessage.str1.4
                0x08002d98       0x75 build/main.o
 *fill*         0x08002e0d        0x3 
 .rodata.AHBPrescTable
                0x08002e10       0x10 build/system_stm32l4xx.o
                0x08002e10                AHBPrescTable
 .rodata.APBPrescTable
                0x08002e20        0x8 build/system_stm32l4xx.o
                0x08002e20                APBPrescTable
 .rodata.MSIRangeTable
                0x08002e28       0x30 build/system_stm32l4xx.o
                0x08002e28                MSIRangeTable
                0x08002e58                . = ALIGN (0x8)

.ARM.extab      0x08002e58        0x0
                0x08002e58                . = ALIGN (0x8)
 *(.ARM.extab* .gnu.linkonce.armextab.*)
                0x08002e58                . = ALIGN (0x8)

.ARM            0x08002e58        0x8
                0x08002e58                . = ALIGN (0x8)
                0x08002e58                __exidx_start = .
 *(.ARM.exidx*)
 .ARM.exidx     0x08002e58        0x8 c:/program files (x86)/gnu arm embedded toolchain/10 2021.10/bin/../lib/gcc/arm-none-eabi/10.3.1/thumb/v7e-m+fp/hard\libgcc.a(_udivmoddi4.o)
                0x08002e60                __exidx_end = .
                0x08002e60                . = ALIGN (0x8)

.rel.dyn        0x08002e60        0x0
 .rel.iplt      0x08002e60        0x0 c:/program files (x86)/gnu arm embedded toolchain/10 2021.10/bin/../lib/gcc/arm-none-eabi/10.3.1/thumb/v7e-m+fp/hard/crtbegin.o

.preinit_array  0x08002e60        0x0
                0x08002e60                . = ALIGN (0x8)
                0x08002e60                PROVIDE (__preinit_array_start = .)
 *(.preinit_array*)
                0x08002e60                PROVIDE (__preinit_array_end = .)
                0x08002e60                . = ALIGN (0x8)

.init_array     0x08002e60        0x8
                0x08002e60                . = ALIGN (0x8)
                0x08002e60                PROVIDE (__init_array_start = .)
 *(SORT_BY_NAME(.init_array.*))
 *(.init_array*)
 .init_array    0x08002e60        0x4 c:/program files (x86)/gnu arm embedded toolchain/10 2021.10/bin/../lib/gcc/arm-none-eabi/10.3.1/thumb/v7e-m+fp/hard/crtbegin.o
                0x08002e64                PROVIDE (__init_array_end = .)
                0x08002e68                . = ALIGN (0x8)
 *fill*         0x08002e64        0x4 

.fini_array     0x08002e68        0x8
                0x08002e68                . = ALIGN (0x8)
                [!provide]                PROVIDE (__fini_array_start = .)
 *(SORT_BY_NAME(.fini_array.*))
 *(.fini_array*)
 .fini_array    0x08002e68        0x4 c:/program files (x86)/gnu arm embedded toolchain/10 2021.10/bin/../lib/gcc/arm-none-eabi/10.3.1/thumb/v7e-m+fp/hard/crtbegin.o
                [!provide]                PROVIDE (__fini_array_end = .)
                0x08002e70                . = ALIGN (0x8)
 *fill*         0x08002e6c        0x4 
                0x08002e70                _sidata = LOADADDR (.data)

.data           0x20000000       0x20 load address 0x08002e70
                0x20000000                . = ALIGN (0x8)
                0x20000000                _sdata = .
 *(.data)
 *(.data*)
 .data.code     0x20000000        0x6 build/main.o
                0x20000000                code
 *fill*         0x20000006        0x2 
 .data.firstPartOfCode
                0x20000008        0x3 build/main.o
                0x20000008                firstPartOfCode
 *fill*         0x2000000b        0x1 
 .data.message  0x2000000c        0x5 build/main.o
                0x2000000c                message
 *fill*         0x20000011        0x3 
 .data.secondPartOfCode
                0x20000014        0x3 build/main.o
                0x20000014                secondPartOfCode
 .data.uwTickFreq
                0x20000017        0x1 build/stm32l4xx_hal.o
                0x20000017                uwTickFreq
 .data.uwTickPrio
                0x20000018        0x4 build/stm32l4xx_hal.o
                0x20000018                uwTickPrio
 .data.SystemCoreClock
                0x2000001c        0x4 build/system_stm32l4xx.o
                0x2000001c                SystemCoreClock
                0x20000020                . = ALIGN (0x8)
                0x20000020                _edata = .

.igot.plt       0x20000020        0x0 load address 0x08002e90
 .igot.plt      0x20000020        0x0 c:/program files (x86)/gnu arm embedded toolchain/10 2021.10/bin/../lib/gcc/arm-none-eabi/10.3.1/thumb/v7e-m+fp/hard/crtbegin.o
                0x20000020                . = ALIGN (0x4)

.bss            0x20000020       0xfc load address 0x08002e90
                0x20000020                _sbss = .
                0x20000020                __bss_start__ = _sbss
 *(.bss)
 .bss           0x20000020       0x1c c:/program files (x86)/gnu arm embedded toolchain/10 2021.10/bin/../lib/gcc/arm-none-eabi/10.3.1/thumb/v7e-m+fp/hard/crtbegin.o
 *(.bss*)
 .bss.firstPartOfMessage
                0x2000003c        0x4 build/main.o
                0x2000003c                firstPartOfMessage
 .bss.htim2     0x20000040       0x4c build/main.o
                0x20000040                htim2
 .bss.huart1    0x2000008c       0x88 build/main.o
                0x2000008c                huart1
 .bss.secondPartOfMessage
                0x20000114        0x4 build/main.o
                0x20000114                secondPartOfMessage
 .bss.uwTick    0x20000118        0x4 build/stm32l4xx_hal.o
                0x20000118                uwTick
 *(COMMON)
                0x2000011c                . = ALIGN (0x4)
                0x2000011c                _ebss = .
                0x2000011c                __bss_end__ = _ebss

._user_heap_stack
                0x2000011c      0x604 load address 0x08002e90
                0x20000120                . = ALIGN (0x8)
 *fill*         0x2000011c        0x4 
                [!provide]                PROVIDE (end = .)
                0x20000120                PROVIDE (_end = .)
                0x20000320                . = (. + _Min_Heap_Size)
 *fill*         0x20000120      0x200 
                0x20000720                . = (. + _Min_Stack_Size)
 *fill*         0x20000320      0x400 
                0x20000720                . = ALIGN (0x8)

/DISCARD/
 libc.a(*)
 libm.a(*)
 libgcc.a(*)
OUTPUT(build/testTaskAquarius.elf elf32-littlearm)
LOAD linker stubs
LOAD c:/program files (x86)/gnu arm embedded toolchain/10 2021.10/bin/../lib/gcc/arm-none-eabi/10.3.1/../../../../arm-none-eabi/lib/thumb/v7e-m+fp/hard\libc.a
LOAD c:/program files (x86)/gnu arm embedded toolchain/10 2021.10/bin/../lib/gcc/arm-none-eabi/10.3.1/../../../../arm-none-eabi/lib/thumb/v7e-m+fp/hard\libm.a
LOAD c:/program files (x86)/gnu arm embedded toolchain/10 2021.10/bin/../lib/gcc/arm-none-eabi/10.3.1/thumb/v7e-m+fp/hard\libgcc.a

.ARM.attributes
                0x00000000       0x30
 .ARM.attributes
                0x00000000       0x1e c:/program files (x86)/gnu arm embedded toolchain/10 2021.10/bin/../lib/gcc/arm-none-eabi/10.3.1/thumb/v7e-m+fp/hard/crti.o
 .ARM.attributes
                0x0000001e       0x34 c:/program files (x86)/gnu arm embedded toolchain/10 2021.10/bin/../lib/gcc/arm-none-eabi/10.3.1/thumb/v7e-m+fp/hard/crtbegin.o
 .ARM.attributes
                0x00000052       0x34 build/main.o
 .ARM.attributes
                0x00000086       0x34 build/stm32l4xx_it.o
 .ARM.attributes
                0x000000ba       0x34 build/stm32l4xx_hal_msp.o
 .ARM.attributes
                0x000000ee       0x34 build/stm32l4xx_hal_tim.o
 .ARM.attributes
                0x00000122       0x34 build/stm32l4xx_hal_tim_ex.o
 .ARM.attributes
                0x00000156       0x34 build/stm32l4xx_hal.o
 .ARM.attributes
                0x0000018a       0x34 build/stm32l4xx_hal_rcc.o
 .ARM.attributes
                0x000001be       0x34 build/stm32l4xx_hal_rcc_ex.o
 .ARM.attributes
                0x000001f2       0x34 build/stm32l4xx_hal_gpio.o
 .ARM.attributes
                0x00000226       0x34 build/stm32l4xx_hal_dma.o
 .ARM.attributes
                0x0000025a       0x34 build/stm32l4xx_hal_pwr_ex.o
 .ARM.attributes
                0x0000028e       0x34 build/stm32l4xx_hal_cortex.o
 .ARM.attributes
                0x000002c2       0x34 build/stm32l4xx_hal_uart.o
 .ARM.attributes
                0x000002f6       0x34 build/stm32l4xx_hal_uart_ex.o
 .ARM.attributes
                0x0000032a       0x34 build/system_stm32l4xx.o
 .ARM.attributes
                0x0000035e       0x21 build/startup_stm32l433xx.o
 .ARM.attributes
                0x0000037f       0x34 c:/program files (x86)/gnu arm embedded toolchain/10 2021.10/bin/../lib/gcc/arm-none-eabi/10.3.1/../../../../arm-none-eabi/lib/thumb/v7e-m+fp/hard\libc_nano.a(lib_a-init.o)
 .ARM.attributes
                0x000003b3       0x34 c:/program files (x86)/gnu arm embedded toolchain/10 2021.10/bin/../lib/gcc/arm-none-eabi/10.3.1/../../../../arm-none-eabi/lib/thumb/v7e-m+fp/hard\libc_nano.a(lib_a-memset.o)
 .ARM.attributes
                0x000003e7       0x1e c:/program files (x86)/gnu arm embedded toolchain/10 2021.10/bin/../lib/gcc/arm-none-eabi/10.3.1/thumb/v7e-m+fp/hard\libgcc.a(_aeabi_uldivmod.o)
 .ARM.attributes
                0x00000405       0x34 c:/program files (x86)/gnu arm embedded toolchain/10 2021.10/bin/../lib/gcc/arm-none-eabi/10.3.1/thumb/v7e-m+fp/hard\libgcc.a(_udivmoddi4.o)
 .ARM.attributes
                0x00000439       0x1e c:/program files (x86)/gnu arm embedded toolchain/10 2021.10/bin/../lib/gcc/arm-none-eabi/10.3.1/thumb/v7e-m+fp/hard\libgcc.a(_dvmd_tls.o)
 .ARM.attributes
                0x00000457       0x1e c:/program files (x86)/gnu arm embedded toolchain/10 2021.10/bin/../lib/gcc/arm-none-eabi/10.3.1/thumb/v7e-m+fp/hard/crtn.o

.comment        0x00000000       0x49
 .comment       0x00000000       0x49 build/main.o
                                 0x4a (size before relaxing)
 .comment       0x00000049       0x4a build/stm32l4xx_it.o
 .comment       0x00000049       0x4a build/stm32l4xx_hal_msp.o
 .comment       0x00000049       0x4a build/stm32l4xx_hal_tim.o
 .comment       0x00000049       0x4a build/stm32l4xx_hal_tim_ex.o
 .comment       0x00000049       0x4a build/stm32l4xx_hal.o
 .comment       0x00000049       0x4a build/stm32l4xx_hal_rcc.o
 .comment       0x00000049       0x4a build/stm32l4xx_hal_rcc_ex.o
 .comment       0x00000049       0x4a build/stm32l4xx_hal_gpio.o
 .comment       0x00000049       0x4a build/stm32l4xx_hal_dma.o
 .comment       0x00000049       0x4a build/stm32l4xx_hal_pwr_ex.o
 .comment       0x00000049       0x4a build/stm32l4xx_hal_cortex.o
 .comment       0x00000049       0x4a build/stm32l4xx_hal_uart.o
 .comment       0x00000049       0x4a build/stm32l4xx_hal_uart_ex.o
 .comment       0x00000049       0x4a build/system_stm32l4xx.o

.debug_info     0x00000000    0x164fb
 .debug_info    0x00000000     0x15aa build/main.o
 .debug_info    0x000015aa      0xc9c build/stm32l4xx_it.o
 .debug_info    0x00002246     0x158f build/stm32l4xx_hal_msp.o
 .debug_info    0x000037d5     0x4232 build/stm32l4xx_hal_tim.o
 .debug_info    0x00007a07     0x1ed2 build/stm32l4xx_hal_tim_ex.o
 .debug_info    0x000098d9      0xc97 build/stm32l4xx_hal.o
 .debug_info    0x0000a570     0x1051 build/stm32l4xx_hal_rcc.o
 .debug_info    0x0000b5c1     0x1401 build/stm32l4xx_hal_rcc_ex.o
 .debug_info    0x0000c9c2      0x91c build/stm32l4xx_hal_gpio.o
 .debug_info    0x0000d2de      0x8ea build/stm32l4xx_hal_dma.o
 .debug_info    0x0000dbc8      0xb22 build/stm32l4xx_hal_pwr_ex.o
 .debug_info    0x0000e6ea     0x1120 build/stm32l4xx_hal_cortex.o
 .debug_info    0x0000f80a     0x54d7 build/stm32l4xx_hal_uart.o
 .debug_info    0x00014ce1     0x1176 build/stm32l4xx_hal_uart_ex.o
 .debug_info    0x00015e57      0x682 build/system_stm32l4xx.o
 .debug_info    0x000164d9       0x22 build/startup_stm32l433xx.o

.debug_abbrev   0x00000000     0x2417
 .debug_abbrev  0x00000000      0x2bf build/main.o
 .debug_abbrev  0x000002bf      0x183 build/stm32l4xx_it.o
 .debug_abbrev  0x00000442      0x1f3 build/stm32l4xx_hal_msp.o
 .debug_abbrev  0x00000635      0x289 build/stm32l4xx_hal_tim.o
 .debug_abbrev  0x000008be      0x29f build/stm32l4xx_hal_tim_ex.o
 .debug_abbrev  0x00000b5d      0x249 build/stm32l4xx_hal.o
 .debug_abbrev  0x00000da6      0x28e build/stm32l4xx_hal_rcc.o
 .debug_abbrev  0x00001034      0x2b0 build/stm32l4xx_hal_rcc_ex.o
 .debug_abbrev  0x000012e4      0x222 build/stm32l4xx_hal_gpio.o
 .debug_abbrev  0x00001506      0x23b build/stm32l4xx_hal_dma.o
 .debug_abbrev  0x00001741      0x234 build/stm32l4xx_hal_pwr_ex.o
 .debug_abbrev  0x00001975      0x382 build/stm32l4xx_hal_cortex.o
 .debug_abbrev  0x00001cf7      0x316 build/stm32l4xx_hal_uart.o
 .debug_abbrev  0x0000200d      0x2dd build/stm32l4xx_hal_uart_ex.o
 .debug_abbrev  0x000022ea      0x11b build/system_stm32l4xx.o
 .debug_abbrev  0x00002405       0x12 build/startup_stm32l433xx.o

.debug_loc      0x00000000    0x132c1
 .debug_loc     0x00000000      0x1f6 build/main.o
 .debug_loc     0x000001f6       0x60 build/stm32l4xx_it.o
 .debug_loc     0x00000256      0x1ef build/stm32l4xx_hal_msp.o
 .debug_loc     0x00000445     0x6195 build/stm32l4xx_hal_tim.o
 .debug_loc     0x000065da     0x28f3 build/stm32l4xx_hal_tim_ex.o
 .debug_loc     0x00008ecd      0x2af build/stm32l4xx_hal.o
 .debug_loc     0x0000917c      0x9e0 build/stm32l4xx_hal_rcc.o
 .debug_loc     0x00009b5c     0x18c5 build/stm32l4xx_hal_rcc_ex.o
 .debug_loc     0x0000b421      0x46f build/stm32l4xx_hal_gpio.o
 .debug_loc     0x0000b890      0x94e build/stm32l4xx_hal_dma.o
 .debug_loc     0x0000c1de      0x93f build/stm32l4xx_hal_pwr_ex.o
 .debug_loc     0x0000cb1d      0x7a4 build/stm32l4xx_hal_cortex.o
 .debug_loc     0x0000d2c1     0x517c build/stm32l4xx_hal_uart.o
 .debug_loc     0x0001243d      0xd5d build/stm32l4xx_hal_uart_ex.o
 .debug_loc     0x0001319a      0x127 build/system_stm32l4xx.o

.debug_aranges  0x00000000      0xec0
 .debug_aranges
                0x00000000       0x60 build/main.o
 .debug_aranges
                0x00000060       0x70 build/stm32l4xx_it.o
 .debug_aranges
                0x000000d0       0x40 build/stm32l4xx_hal_msp.o
 .debug_aranges
                0x00000110      0x3e0 build/stm32l4xx_hal_tim.o
 .debug_aranges
                0x000004f0      0x180 build/stm32l4xx_hal_tim_ex.o
 .debug_aranges
                0x00000670      0x130 build/stm32l4xx_hal.o
 .debug_aranges
                0x000007a0       0x90 build/stm32l4xx_hal_rcc.o
 .debug_aranges
                0x00000830       0xf0 build/stm32l4xx_hal_rcc_ex.o
 .debug_aranges
                0x00000920       0x58 build/stm32l4xx_hal_gpio.o
 .debug_aranges
                0x00000978       0x80 build/stm32l4xx_hal_dma.o
 .debug_aranges
                0x000009f8      0x128 build/stm32l4xx_hal_pwr_ex.o
 .debug_aranges
                0x00000b20       0xa8 build/stm32l4xx_hal_cortex.o
 .debug_aranges
                0x00000bc8      0x228 build/stm32l4xx_hal_uart.o
 .debug_aranges
                0x00000df0       0x80 build/stm32l4xx_hal_uart_ex.o
 .debug_aranges
                0x00000e70       0x28 build/system_stm32l4xx.o
 .debug_aranges
                0x00000e98       0x28 build/startup_stm32l433xx.o

.debug_ranges   0x00000000      0xe88
 .debug_ranges  0x00000000       0x50 build/main.o
 .debug_ranges  0x00000050       0x60 build/stm32l4xx_it.o
 .debug_ranges  0x000000b0       0x30 build/stm32l4xx_hal_msp.o
 .debug_ranges  0x000000e0      0x3d0 build/stm32l4xx_hal_tim.o
 .debug_ranges  0x000004b0      0x170 build/stm32l4xx_hal_tim_ex.o
 .debug_ranges  0x00000620      0x120 build/stm32l4xx_hal.o
 .debug_ranges  0x00000740       0x98 build/stm32l4xx_hal_rcc.o
 .debug_ranges  0x000007d8       0xf8 build/stm32l4xx_hal_rcc_ex.o
 .debug_ranges  0x000008d0       0x48 build/stm32l4xx_hal_gpio.o
 .debug_ranges  0x00000918       0x70 build/stm32l4xx_hal_dma.o
 .debug_ranges  0x00000988      0x118 build/stm32l4xx_hal_pwr_ex.o
 .debug_ranges  0x00000aa0       0xf8 build/stm32l4xx_hal_cortex.o
 .debug_ranges  0x00000b98      0x230 build/stm32l4xx_hal_uart.o
 .debug_ranges  0x00000dc8       0x88 build/stm32l4xx_hal_uart_ex.o
 .debug_ranges  0x00000e50       0x18 build/system_stm32l4xx.o
 .debug_ranges  0x00000e68       0x20 build/startup_stm32l433xx.o

.debug_line     0x00000000    0x12706
 .debug_line    0x00000000      0x684 build/main.o
 .debug_line    0x00000684      0x316 build/stm32l4xx_it.o
 .debug_line    0x0000099a      0x37e build/stm32l4xx_hal_msp.o
 .debug_line    0x00000d18     0x500b build/stm32l4xx_hal_tim.o
 .debug_line    0x00005d23     0x1e63 build/stm32l4xx_hal_tim_ex.o
 .debug_line    0x00007b86      0x6a6 build/stm32l4xx_hal.o
 .debug_line    0x0000822c      0xf62 build/stm32l4xx_hal_rcc.o
 .debug_line    0x0000918e     0x13c6 build/stm32l4xx_hal_rcc_ex.o
 .debug_line    0x0000a554      0x686 build/stm32l4xx_hal_gpio.o
 .debug_line    0x0000abda      0xa4f build/stm32l4xx_hal_dma.o
 .debug_line    0x0000b629      0x963 build/stm32l4xx_hal_pwr_ex.o
 .debug_line    0x0000bf8c      0x781 build/stm32l4xx_hal_cortex.o
 .debug_line    0x0000c70d     0x51ad build/stm32l4xx_hal_uart.o
 .debug_line    0x000118ba      0xb30 build/stm32l4xx_hal_uart_ex.o
 .debug_line    0x000123ea      0x2a6 build/system_stm32l4xx.o
 .debug_line    0x00012690       0x76 build/startup_stm32l433xx.o

.debug_str      0x00000000     0x4c2b
 .debug_str     0x00000000      0xd4f build/main.o
                                0xe53 (size before relaxing)
 .debug_str     0x00000d4f       0xfd build/stm32l4xx_it.o
                                0x9e5 (size before relaxing)
 .debug_str     0x00000e4c      0x746 build/stm32l4xx_hal_msp.o
                               0x11aa (size before relaxing)
 .debug_str     0x00001592      0xe9e build/stm32l4xx_hal_tim.o
                               0x16ba (size before relaxing)
 .debug_str     0x00002430      0x616 build/stm32l4xx_hal_tim_ex.o
                                0xfb3 (size before relaxing)
 .debug_str     0x00002a46      0x4a1 build/stm32l4xx_hal.o
                                0xbf7 (size before relaxing)
 .debug_str     0x00002ee7      0x2d6 build/stm32l4xx_hal_rcc.o
                                0x830 (size before relaxing)
 .debug_str     0x000031bd      0x4bc build/stm32l4xx_hal_rcc_ex.o
                                0xb73 (size before relaxing)
 .debug_str     0x00003679      0x103 build/stm32l4xx_hal_gpio.o
                                0x515 (size before relaxing)
 .debug_str     0x0000377c      0x237 build/stm32l4xx_hal_dma.o
                                0x61a (size before relaxing)
 .debug_str     0x000039b3      0x48b build/stm32l4xx_hal_pwr_ex.o
                                0x776 (size before relaxing)
 .debug_str     0x00003e3e      0x424 build/stm32l4xx_hal_cortex.o
                                0xb26 (size before relaxing)
 .debug_str     0x00004262      0x774 build/stm32l4xx_hal_uart.o
                                0xfee (size before relaxing)
 .debug_str     0x000049d6      0x1f4 build/stm32l4xx_hal_uart_ex.o
                                0x929 (size before relaxing)
 .debug_str     0x00004bca       0x3d build/system_stm32l4xx.o
                                0x3b3 (size before relaxing)
 .debug_str     0x00004c07       0x24 build/startup_stm32l433xx.o
                                 0x41 (size before relaxing)

.debug_frame    0x00000000     0x2658
 .debug_frame   0x00000000       0xe8 build/main.o
 .debug_frame   0x000000e8       0xd8 build/stm32l4xx_it.o
 .debug_frame   0x000001c0       0x98 build/stm32l4xx_hal_msp.o
 .debug_frame   0x00000258      0xb50 build/stm32l4xx_hal_tim.o
 .debug_frame   0x00000da8      0x474 build/stm32l4xx_hal_tim_ex.o
 .debug_frame   0x0000121c      0x274 build/stm32l4xx_hal.o
 .debug_frame   0x00001490      0x19c build/stm32l4xx_hal_rcc.o
 .debug_frame   0x0000162c      0x248 build/stm32l4xx_hal_rcc_ex.o
 .debug_frame   0x00001874       0xd0 build/stm32l4xx_hal_gpio.o
 .debug_frame   0x00001944      0x150 build/stm32l4xx_hal_dma.o
 .debug_frame   0x00001a94      0x248 build/stm32l4xx_hal_pwr_ex.o
 .debug_frame   0x00001cdc      0x148 build/stm32l4xx_hal_cortex.o
 .debug_frame   0x00001e24      0x600 build/stm32l4xx_hal_uart.o
 .debug_frame   0x00002424      0x158 build/stm32l4xx_hal_uart_ex.o
 .debug_frame   0x0000257c       0x30 build/system_stm32l4xx.o
 .debug_frame   0x000025ac       0x2c c:/program files (x86)/gnu arm embedded toolchain/10 2021.10/bin/../lib/gcc/arm-none-eabi/10.3.1/../../../../arm-none-eabi/lib/thumb/v7e-m+fp/hard\libc_nano.a(lib_a-init.o)
 .debug_frame   0x000025d8       0x20 c:/program files (x86)/gnu arm embedded toolchain/10 2021.10/bin/../lib/gcc/arm-none-eabi/10.3.1/../../../../arm-none-eabi/lib/thumb/v7e-m+fp/hard\libc_nano.a(lib_a-memset.o)
 .debug_frame   0x000025f8       0x2c c:/program files (x86)/gnu arm embedded toolchain/10 2021.10/bin/../lib/gcc/arm-none-eabi/10.3.1/thumb/v7e-m+fp/hard\libgcc.a(_aeabi_uldivmod.o)
 .debug_frame   0x00002624       0x34 c:/program files (x86)/gnu arm embedded toolchain/10 2021.10/bin/../lib/gcc/arm-none-eabi/10.3.1/thumb/v7e-m+fp/hard\libgcc.a(_udivmoddi4.o)

Cross Reference Table

Symbol                                            File
ADC1_IRQHandler                                   build/startup_stm32l433xx.o
AHBPrescTable                                     build/system_stm32l4xx.o
                                                  build/stm32l4xx_hal_rcc.o
APBPrescTable                                     build/system_stm32l4xx.o
                                                  build/stm32l4xx_hal_rcc.o
BusFault_Handler                                  build/stm32l4xx_it.o
CAN1_RX0_IRQHandler                               build/startup_stm32l433xx.o
CAN1_RX1_IRQHandler                               build/startup_stm32l433xx.o
CAN1_SCE_IRQHandler                               build/startup_stm32l433xx.o
CAN1_TX_IRQHandler                                build/startup_stm32l433xx.o
COMP_IRQHandler                                   build/startup_stm32l433xx.o
CRS_IRQHandler                                    build/startup_stm32l433xx.o
DMA1_Channel1_IRQHandler                          build/startup_stm32l433xx.o
DMA1_Channel2_IRQHandler                          build/startup_stm32l433xx.o
DMA1_Channel3_IRQHandler                          build/startup_stm32l433xx.o
DMA1_Channel4_IRQHandler                          build/startup_stm32l433xx.o
DMA1_Channel5_IRQHandler                          build/startup_stm32l433xx.o
DMA1_Channel6_IRQHandler                          build/startup_stm32l433xx.o
DMA1_Channel7_IRQHandler                          build/startup_stm32l433xx.o
DMA2_Channel1_IRQHandler                          build/startup_stm32l433xx.o
DMA2_Channel2_IRQHandler                          build/startup_stm32l433xx.o
DMA2_Channel3_IRQHandler                          build/startup_stm32l433xx.o
DMA2_Channel4_IRQHandler                          build/startup_stm32l433xx.o
DMA2_Channel5_IRQHandler                          build/startup_stm32l433xx.o
DMA2_Channel6_IRQHandler                          build/startup_stm32l433xx.o
DMA2_Channel7_IRQHandler                          build/startup_stm32l433xx.o
DebugMon_Handler                                  build/stm32l4xx_it.o
Default_Handler                                   build/startup_stm32l433xx.o
EXTI0_IRQHandler                                  build/startup_stm32l433xx.o
EXTI15_10_IRQHandler                              build/startup_stm32l433xx.o
EXTI1_IRQHandler                                  build/startup_stm32l433xx.o
EXTI2_IRQHandler                                  build/startup_stm32l433xx.o
EXTI3_IRQHandler                                  build/startup_stm32l433xx.o
EXTI4_IRQHandler                                  build/startup_stm32l433xx.o
EXTI9_5_IRQHandler                                build/startup_stm32l433xx.o
Error_Handler                                     build/main.o
                                                  build/stm32l4xx_hal_msp.o
FLASH_FlushCaches                                 build/stm32l4xx_hal_flash_ex.o
                                                  build/stm32l4xx_hal_flash.o
FLASH_IRQHandler                                  build/startup_stm32l433xx.o
FLASH_PageErase                                   build/stm32l4xx_hal_flash_ex.o
                                                  build/stm32l4xx_hal_flash.o
FLASH_WaitForLastOperation                        build/stm32l4xx_hal_flash.o
                                                  build/stm32l4xx_hal_flash_ex.o
FPU_IRQHandler                                    build/startup_stm32l433xx.o
HAL_DBGMCU_DisableDBGSleepMode                    build/stm32l4xx_hal.o
HAL_DBGMCU_DisableDBGStandbyMode                  build/stm32l4xx_hal.o
HAL_DBGMCU_DisableDBGStopMode                     build/stm32l4xx_hal.o
HAL_DBGMCU_EnableDBGSleepMode                     build/stm32l4xx_hal.o
HAL_DBGMCU_EnableDBGStandbyMode                   build/stm32l4xx_hal.o
HAL_DBGMCU_EnableDBGStopMode                      build/stm32l4xx_hal.o
HAL_DMA_Abort                                     build/stm32l4xx_hal_dma.o
                                                  build/stm32l4xx_hal_uart.o
HAL_DMA_Abort_IT                                  build/stm32l4xx_hal_dma.o
                                                  build/stm32l4xx_hal_uart.o
                                                  build/stm32l4xx_hal_tim_ex.o
                                                  build/stm32l4xx_hal_tim.o
HAL_DMA_DeInit                                    build/stm32l4xx_hal_dma.o
HAL_DMA_GetError                                  build/stm32l4xx_hal_dma.o
                                                  build/stm32l4xx_hal_uart.o
HAL_DMA_GetState                                  build/stm32l4xx_hal_dma.o
HAL_DMA_IRQHandler                                build/stm32l4xx_hal_dma.o
HAL_DMA_Init                                      build/stm32l4xx_hal_dma.o
HAL_DMA_PollForTransfer                           build/stm32l4xx_hal_dma.o
HAL_DMA_RegisterCallback                          build/stm32l4xx_hal_dma.o
HAL_DMA_Start                                     build/stm32l4xx_hal_dma.o
HAL_DMA_Start_IT                                  build/stm32l4xx_hal_dma.o
                                                  build/stm32l4xx_hal_uart.o
                                                  build/stm32l4xx_hal_tim_ex.o
                                                  build/stm32l4xx_hal_tim.o
HAL_DMA_UnRegisterCallback                        build/stm32l4xx_hal_dma.o
HAL_DeInit                                        build/stm32l4xx_hal.o
HAL_Delay                                         build/stm32l4xx_hal.o
HAL_EXTI_ClearConfigLine                          build/stm32l4xx_hal_exti.o
HAL_EXTI_ClearPending                             build/stm32l4xx_hal_exti.o
HAL_EXTI_GenerateSWI                              build/stm32l4xx_hal_exti.o
HAL_EXTI_GetConfigLine                            build/stm32l4xx_hal_exti.o
HAL_EXTI_GetHandle                                build/stm32l4xx_hal_exti.o
HAL_EXTI_GetPending                               build/stm32l4xx_hal_exti.o
HAL_EXTI_IRQHandler                               build/stm32l4xx_hal_exti.o
HAL_EXTI_RegisterCallback                         build/stm32l4xx_hal_exti.o
HAL_EXTI_SetConfigLine                            build/stm32l4xx_hal_exti.o
HAL_FLASHEx_DisableRunPowerDown                   build/stm32l4xx_hal_flash_ramfunc.o
HAL_FLASHEx_EnableRunPowerDown                    build/stm32l4xx_hal_flash_ramfunc.o
HAL_FLASHEx_Erase                                 build/stm32l4xx_hal_flash_ex.o
HAL_FLASHEx_Erase_IT                              build/stm32l4xx_hal_flash_ex.o
HAL_FLASHEx_OBGetConfig                           build/stm32l4xx_hal_flash_ex.o
HAL_FLASHEx_OBProgram                             build/stm32l4xx_hal_flash_ex.o
HAL_FLASH_EndOfOperationCallback                  build/stm32l4xx_hal_flash.o
HAL_FLASH_GetError                                build/stm32l4xx_hal_flash.o
HAL_FLASH_IRQHandler                              build/stm32l4xx_hal_flash.o
HAL_FLASH_Lock                                    build/stm32l4xx_hal_flash.o
HAL_FLASH_OB_Launch                               build/stm32l4xx_hal_flash.o
HAL_FLASH_OB_Lock                                 build/stm32l4xx_hal_flash.o
HAL_FLASH_OB_Unlock                               build/stm32l4xx_hal_flash.o
HAL_FLASH_OperationErrorCallback                  build/stm32l4xx_hal_flash.o
HAL_FLASH_Program                                 build/stm32l4xx_hal_flash.o
HAL_FLASH_Program_IT                              build/stm32l4xx_hal_flash.o
HAL_FLASH_Unlock                                  build/stm32l4xx_hal_flash.o
HAL_GPIO_DeInit                                   build/stm32l4xx_hal_gpio.o
                                                  build/stm32l4xx_hal_msp.o
HAL_GPIO_EXTI_Callback                            build/stm32l4xx_hal_gpio.o
HAL_GPIO_EXTI_IRQHandler                          build/stm32l4xx_hal_gpio.o
HAL_GPIO_Init                                     build/stm32l4xx_hal_gpio.o
                                                  build/stm32l4xx_hal_rcc_ex.o
                                                  build/stm32l4xx_hal_rcc.o
                                                  build/stm32l4xx_hal_msp.o
HAL_GPIO_LockPin                                  build/stm32l4xx_hal_gpio.o
HAL_GPIO_ReadPin                                  build/stm32l4xx_hal_gpio.o
HAL_GPIO_TogglePin                                build/stm32l4xx_hal_gpio.o
HAL_GPIO_WritePin                                 build/stm32l4xx_hal_gpio.o
HAL_GetDEVID                                      build/stm32l4xx_hal.o
HAL_GetHalVersion                                 build/stm32l4xx_hal.o
HAL_GetREVID                                      build/stm32l4xx_hal.o
HAL_GetTick                                       build/stm32l4xx_hal.o
                                                  build/stm32l4xx_hal_uart_ex.o
                                                  build/stm32l4xx_hal_uart.o
                                                  build/stm32l4xx_hal_dma.o
                                                  build/stm32l4xx_hal_flash.o
                                                  build/stm32l4xx_hal_rcc_ex.o
                                                  build/stm32l4xx_hal_rcc.o
HAL_GetTickFreq                                   build/stm32l4xx_hal.o
HAL_GetTickPrio                                   build/stm32l4xx_hal.o
HAL_GetUIDw0                                      build/stm32l4xx_hal.o
HAL_GetUIDw1                                      build/stm32l4xx_hal.o
HAL_GetUIDw2                                      build/stm32l4xx_hal.o
HAL_HalfDuplex_EnableReceiver                     build/stm32l4xx_hal_uart.o
HAL_HalfDuplex_EnableTransmitter                  build/stm32l4xx_hal_uart.o
HAL_HalfDuplex_Init                               build/stm32l4xx_hal_uart.o
HAL_IncTick                                       build/stm32l4xx_hal.o
                                                  build/stm32l4xx_it.o
HAL_Init                                          build/stm32l4xx_hal.o
                                                  build/main.o
HAL_InitTick                                      build/stm32l4xx_hal.o
                                                  build/stm32l4xx_hal_rcc.o
HAL_LIN_Init                                      build/stm32l4xx_hal_uart.o
HAL_LIN_SendBreak                                 build/stm32l4xx_hal_uart.o
HAL_MPU_ConfigRegion                              build/stm32l4xx_hal_cortex.o
HAL_MPU_Disable                                   build/stm32l4xx_hal_cortex.o
HAL_MPU_Enable                                    build/stm32l4xx_hal_cortex.o
HAL_MspDeInit                                     build/stm32l4xx_hal.o
HAL_MspInit                                       build/stm32l4xx_hal_msp.o
HAL_MultiProcessorEx_AddressLength_Set            build/stm32l4xx_hal_uart_ex.o
HAL_MultiProcessor_DisableMuteMode                build/stm32l4xx_hal_uart.o
HAL_MultiProcessor_EnableMuteMode                 build/stm32l4xx_hal_uart.o
HAL_MultiProcessor_EnterMuteMode                  build/stm32l4xx_hal_uart.o
HAL_MultiProcessor_Init                           build/stm32l4xx_hal_uart.o
HAL_NVIC_ClearPendingIRQ                          build/stm32l4xx_hal_cortex.o
HAL_NVIC_DisableIRQ                               build/stm32l4xx_hal_cortex.o
                                                  build/stm32l4xx_hal_msp.o
HAL_NVIC_EnableIRQ                                build/stm32l4xx_hal_cortex.o
                                                  build/stm32l4xx_hal_msp.o
HAL_NVIC_GetActive                                build/stm32l4xx_hal_cortex.o
HAL_NVIC_GetPendingIRQ                            build/stm32l4xx_hal_cortex.o
HAL_NVIC_GetPriority                              build/stm32l4xx_hal_cortex.o
HAL_NVIC_GetPriorityGrouping                      build/stm32l4xx_hal_cortex.o
HAL_NVIC_SetPendingIRQ                            build/stm32l4xx_hal_cortex.o
HAL_NVIC_SetPriority                              build/stm32l4xx_hal_cortex.o
                                                  build/stm32l4xx_hal.o
                                                  build/stm32l4xx_hal_msp.o
HAL_NVIC_SetPriorityGrouping                      build/stm32l4xx_hal_cortex.o
                                                  build/stm32l4xx_hal.o
HAL_NVIC_SystemReset                              build/stm32l4xx_hal_cortex.o
HAL_PWREx_ConfigPVM                               build/stm32l4xx_hal_pwr_ex.o
HAL_PWREx_ControlVoltageScaling                   build/stm32l4xx_hal_pwr_ex.o
                                                  build/main.o
HAL_PWREx_DisableBatteryCharging                  build/stm32l4xx_hal_pwr_ex.o
HAL_PWREx_DisableGPIOPullDown                     build/stm32l4xx_hal_pwr_ex.o
HAL_PWREx_DisableGPIOPullUp                       build/stm32l4xx_hal_pwr_ex.o
HAL_PWREx_DisableInternalWakeUpLine               build/stm32l4xx_hal_pwr_ex.o
HAL_PWREx_DisableLowPowerRunMode                  build/stm32l4xx_hal_pwr_ex.o
                                                  build/stm32l4xx_hal_pwr.o
HAL_PWREx_DisablePVM1                             build/stm32l4xx_hal_pwr_ex.o
HAL_PWREx_DisablePVM3                             build/stm32l4xx_hal_pwr_ex.o
HAL_PWREx_DisablePVM4                             build/stm32l4xx_hal_pwr_ex.o
HAL_PWREx_DisablePullUpPullDownConfig             build/stm32l4xx_hal_pwr_ex.o
HAL_PWREx_DisableSRAM2ContentRetention            build/stm32l4xx_hal_pwr_ex.o
HAL_PWREx_DisableVddUSB                           build/stm32l4xx_hal_pwr_ex.o
HAL_PWREx_EnableBatteryCharging                   build/stm32l4xx_hal_pwr_ex.o
HAL_PWREx_EnableGPIOPullDown                      build/stm32l4xx_hal_pwr_ex.o
HAL_PWREx_EnableGPIOPullUp                        build/stm32l4xx_hal_pwr_ex.o
HAL_PWREx_EnableInternalWakeUpLine                build/stm32l4xx_hal_pwr_ex.o
HAL_PWREx_EnableLowPowerRunMode                   build/stm32l4xx_hal_pwr_ex.o
                                                  build/stm32l4xx_hal_pwr.o
HAL_PWREx_EnablePVM1                              build/stm32l4xx_hal_pwr_ex.o
HAL_PWREx_EnablePVM3                              build/stm32l4xx_hal_pwr_ex.o
HAL_PWREx_EnablePVM4                              build/stm32l4xx_hal_pwr_ex.o
HAL_PWREx_EnablePullUpPullDownConfig              build/stm32l4xx_hal_pwr_ex.o
HAL_PWREx_EnableSRAM2ContentRetention             build/stm32l4xx_hal_pwr_ex.o
HAL_PWREx_EnableVddUSB                            build/stm32l4xx_hal_pwr_ex.o
HAL_PWREx_EnterSHUTDOWNMode                       build/stm32l4xx_hal_pwr_ex.o
HAL_PWREx_EnterSTOP0Mode                          build/stm32l4xx_hal_pwr_ex.o
                                                  build/stm32l4xx_hal_pwr.o
HAL_PWREx_EnterSTOP1Mode                          build/stm32l4xx_hal_pwr_ex.o
                                                  build/stm32l4xx_hal_pwr.o
HAL_PWREx_EnterSTOP2Mode                          build/stm32l4xx_hal_pwr_ex.o
HAL_PWREx_GetVoltageRange                         build/stm32l4xx_hal_pwr_ex.o
                                                  build/stm32l4xx_hal_rcc.o
HAL_PWREx_PVD_PVM_IRQHandler                      build/stm32l4xx_hal_pwr_ex.o
HAL_PWREx_PVM1Callback                            build/stm32l4xx_hal_pwr_ex.o
HAL_PWREx_PVM3Callback                            build/stm32l4xx_hal_pwr_ex.o
HAL_PWREx_PVM4Callback                            build/stm32l4xx_hal_pwr_ex.o
HAL_PWREx_SetSRAM2ContentRetention                build/stm32l4xx_hal_pwr_ex.o
HAL_PWR_ConfigPVD                                 build/stm32l4xx_hal_pwr.o
HAL_PWR_DeInit                                    build/stm32l4xx_hal_pwr.o
HAL_PWR_DisableBkUpAccess                         build/stm32l4xx_hal_pwr.o
                                                  build/stm32l4xx_hal_rcc_ex.o
HAL_PWR_DisablePVD                                build/stm32l4xx_hal_pwr.o
HAL_PWR_DisableSEVOnPend                          build/stm32l4xx_hal_pwr.o
HAL_PWR_DisableSleepOnExit                        build/stm32l4xx_hal_pwr.o
HAL_PWR_DisableWakeUpPin                          build/stm32l4xx_hal_pwr.o
HAL_PWR_EnableBkUpAccess                          build/stm32l4xx_hal_pwr.o
                                                  build/stm32l4xx_hal_rcc_ex.o
HAL_PWR_EnablePVD                                 build/stm32l4xx_hal_pwr.o
HAL_PWR_EnableSEVOnPend                           build/stm32l4xx_hal_pwr.o
HAL_PWR_EnableSleepOnExit                         build/stm32l4xx_hal_pwr.o
HAL_PWR_EnableWakeUpPin                           build/stm32l4xx_hal_pwr.o
HAL_PWR_EnterSLEEPMode                            build/stm32l4xx_hal_pwr.o
HAL_PWR_EnterSTANDBYMode                          build/stm32l4xx_hal_pwr.o
HAL_PWR_EnterSTOPMode                             build/stm32l4xx_hal_pwr.o
HAL_PWR_PVDCallback                               build/stm32l4xx_hal_pwr.o
                                                  build/stm32l4xx_hal_pwr_ex.o
HAL_RCCEx_CRSConfig                               build/stm32l4xx_hal_rcc_ex.o
HAL_RCCEx_CRSGetSynchronizationInfo               build/stm32l4xx_hal_rcc_ex.o
HAL_RCCEx_CRSSoftwareSynchronizationGenerate      build/stm32l4xx_hal_rcc_ex.o
HAL_RCCEx_CRSWaitSynchronization                  build/stm32l4xx_hal_rcc_ex.o
HAL_RCCEx_CRS_ErrorCallback                       build/stm32l4xx_hal_rcc_ex.o
HAL_RCCEx_CRS_ExpectedSyncCallback                build/stm32l4xx_hal_rcc_ex.o
HAL_RCCEx_CRS_IRQHandler                          build/stm32l4xx_hal_rcc_ex.o
HAL_RCCEx_CRS_SyncOkCallback                      build/stm32l4xx_hal_rcc_ex.o
HAL_RCCEx_CRS_SyncWarnCallback                    build/stm32l4xx_hal_rcc_ex.o
HAL_RCCEx_DisableLSCO                             build/stm32l4xx_hal_rcc_ex.o
HAL_RCCEx_DisableLSECSS                           build/stm32l4xx_hal_rcc_ex.o
HAL_RCCEx_DisableMSIPLLMode                       build/stm32l4xx_hal_rcc_ex.o
HAL_RCCEx_DisablePLLSAI1                          build/stm32l4xx_hal_rcc_ex.o
HAL_RCCEx_EnableLSCO                              build/stm32l4xx_hal_rcc_ex.o
HAL_RCCEx_EnableLSECSS                            build/stm32l4xx_hal_rcc_ex.o
HAL_RCCEx_EnableLSECSS_IT                         build/stm32l4xx_hal_rcc_ex.o
HAL_RCCEx_EnableMSIPLLMode                        build/stm32l4xx_hal_rcc_ex.o
HAL_RCCEx_EnablePLLSAI1                           build/stm32l4xx_hal_rcc_ex.o
HAL_RCCEx_GetPeriphCLKConfig                      build/stm32l4xx_hal_rcc_ex.o
HAL_RCCEx_GetPeriphCLKFreq                        build/stm32l4xx_hal_rcc_ex.o
HAL_RCCEx_LSECSS_Callback                         build/stm32l4xx_hal_rcc_ex.o
HAL_RCCEx_LSECSS_IRQHandler                       build/stm32l4xx_hal_rcc_ex.o
HAL_RCCEx_PeriphCLKConfig                         build/stm32l4xx_hal_rcc_ex.o
                                                  build/stm32l4xx_hal_msp.o
HAL_RCCEx_StandbyMSIRangeConfig                   build/stm32l4xx_hal_rcc_ex.o
HAL_RCCEx_WakeUpStopCLKConfig                     build/stm32l4xx_hal_rcc_ex.o
HAL_RCC_CSSCallback                               build/stm32l4xx_hal_rcc.o
HAL_RCC_ClockConfig                               build/stm32l4xx_hal_rcc.o
                                                  build/main.o
HAL_RCC_DeInit                                    build/stm32l4xx_hal_rcc.o
HAL_RCC_EnableCSS                                 build/stm32l4xx_hal_rcc.o
HAL_RCC_GetClockConfig                            build/stm32l4xx_hal_rcc.o
HAL_RCC_GetHCLKFreq                               build/stm32l4xx_hal_rcc.o
HAL_RCC_GetOscConfig                              build/stm32l4xx_hal_rcc.o
HAL_RCC_GetPCLK1Freq                              build/stm32l4xx_hal_rcc.o
                                                  build/stm32l4xx_hal_uart.o
                                                  build/stm32l4xx_hal_rcc_ex.o
HAL_RCC_GetPCLK2Freq                              build/stm32l4xx_hal_rcc.o
                                                  build/stm32l4xx_hal_uart.o
                                                  build/stm32l4xx_hal_rcc_ex.o
HAL_RCC_GetResetSource                            build/stm32l4xx_hal_rcc.o
HAL_RCC_GetSysClockFreq                           build/stm32l4xx_hal_rcc.o
                                                  build/stm32l4xx_hal_uart.o
                                                  build/stm32l4xx_hal_rcc_ex.o
HAL_RCC_MCOConfig                                 build/stm32l4xx_hal_rcc.o
HAL_RCC_NMI_IRQHandler                            build/stm32l4xx_hal_rcc.o
HAL_RCC_OscConfig                                 build/stm32l4xx_hal_rcc.o
                                                  build/main.o
HAL_RS485Ex_Init                                  build/stm32l4xx_hal_uart_ex.o
HAL_ResumeTick                                    build/stm32l4xx_hal.o
HAL_SYSCFG_DisableIOAnalogSwitchBooster           build/stm32l4xx_hal.o
HAL_SYSCFG_DisableMemorySwappingBank              build/stm32l4xx_hal.o
HAL_SYSCFG_DisableVREFBUF                         build/stm32l4xx_hal.o
HAL_SYSCFG_EnableIOAnalogSwitchBooster            build/stm32l4xx_hal.o
HAL_SYSCFG_EnableMemorySwappingBank               build/stm32l4xx_hal.o
HAL_SYSCFG_EnableVREFBUF                          build/stm32l4xx_hal.o
HAL_SYSCFG_SRAM2Erase                             build/stm32l4xx_hal.o
HAL_SYSCFG_VREFBUF_HighImpedanceConfig            build/stm32l4xx_hal.o
HAL_SYSCFG_VREFBUF_TrimmingConfig                 build/stm32l4xx_hal.o
HAL_SYSCFG_VREFBUF_VoltageScalingConfig           build/stm32l4xx_hal.o
HAL_SYSTICK_CLKSourceConfig                       build/stm32l4xx_hal_cortex.o
HAL_SYSTICK_Callback                              build/stm32l4xx_hal_cortex.o
HAL_SYSTICK_Config                                build/stm32l4xx_hal_cortex.o
                                                  build/stm32l4xx_hal.o
HAL_SYSTICK_IRQHandler                            build/stm32l4xx_hal_cortex.o
HAL_SetTickFreq                                   build/stm32l4xx_hal.o
HAL_SuspendTick                                   build/stm32l4xx_hal.o
HAL_TIMEx_Break2Callback                          build/stm32l4xx_hal_tim_ex.o
                                                  build/stm32l4xx_hal_tim.o
HAL_TIMEx_BreakCallback                           build/stm32l4xx_hal_tim_ex.o
                                                  build/stm32l4xx_hal_tim.o
HAL_TIMEx_CommutCallback                          build/stm32l4xx_hal_tim_ex.o
                                                  build/stm32l4xx_hal_tim.o
HAL_TIMEx_CommutHalfCpltCallback                  build/stm32l4xx_hal_tim_ex.o
HAL_TIMEx_ConfigBreakDeadTime                     build/stm32l4xx_hal_tim_ex.o
HAL_TIMEx_ConfigBreakInput                        build/stm32l4xx_hal_tim_ex.o
HAL_TIMEx_ConfigCommutEvent                       build/stm32l4xx_hal_tim_ex.o
HAL_TIMEx_ConfigCommutEvent_DMA                   build/stm32l4xx_hal_tim_ex.o
HAL_TIMEx_ConfigCommutEvent_IT                    build/stm32l4xx_hal_tim_ex.o
HAL_TIMEx_GetChannelNState                        build/stm32l4xx_hal_tim_ex.o
HAL_TIMEx_GroupChannel5                           build/stm32l4xx_hal_tim_ex.o
HAL_TIMEx_HallSensor_DeInit                       build/stm32l4xx_hal_tim_ex.o
HAL_TIMEx_HallSensor_GetState                     build/stm32l4xx_hal_tim_ex.o
HAL_TIMEx_HallSensor_Init                         build/stm32l4xx_hal_tim_ex.o
HAL_TIMEx_HallSensor_MspDeInit                    build/stm32l4xx_hal_tim_ex.o
HAL_TIMEx_HallSensor_MspInit                      build/stm32l4xx_hal_tim_ex.o
HAL_TIMEx_HallSensor_Start                        build/stm32l4xx_hal_tim_ex.o
HAL_TIMEx_HallSensor_Start_DMA                    build/stm32l4xx_hal_tim_ex.o
HAL_TIMEx_HallSensor_Start_IT                     build/stm32l4xx_hal_tim_ex.o
HAL_TIMEx_HallSensor_Stop                         build/stm32l4xx_hal_tim_ex.o
HAL_TIMEx_HallSensor_Stop_DMA                     build/stm32l4xx_hal_tim_ex.o
HAL_TIMEx_HallSensor_Stop_IT                      build/stm32l4xx_hal_tim_ex.o
HAL_TIMEx_MasterConfigSynchronization             build/stm32l4xx_hal_tim_ex.o
                                                  build/main.o
HAL_TIMEx_OCN_Start                               build/stm32l4xx_hal_tim_ex.o
HAL_TIMEx_OCN_Start_DMA                           build/stm32l4xx_hal_tim_ex.o
HAL_TIMEx_OCN_Start_IT                            build/stm32l4xx_hal_tim_ex.o
HAL_TIMEx_OCN_Stop                                build/stm32l4xx_hal_tim_ex.o
HAL_TIMEx_OCN_Stop_DMA                            build/stm32l4xx_hal_tim_ex.o
HAL_TIMEx_OCN_Stop_IT                             build/stm32l4xx_hal_tim_ex.o
HAL_TIMEx_OnePulseN_Start                         build/stm32l4xx_hal_tim_ex.o
HAL_TIMEx_OnePulseN_Start_IT                      build/stm32l4xx_hal_tim_ex.o
HAL_TIMEx_OnePulseN_Stop                          build/stm32l4xx_hal_tim_ex.o
HAL_TIMEx_OnePulseN_Stop_IT                       build/stm32l4xx_hal_tim_ex.o
HAL_TIMEx_PWMN_Start                              build/stm32l4xx_hal_tim_ex.o
HAL_TIMEx_PWMN_Start_DMA                          build/stm32l4xx_hal_tim_ex.o
HAL_TIMEx_PWMN_Start_IT                           build/stm32l4xx_hal_tim_ex.o
HAL_TIMEx_PWMN_Stop                               build/stm32l4xx_hal_tim_ex.o
HAL_TIMEx_PWMN_Stop_DMA                           build/stm32l4xx_hal_tim_ex.o
HAL_TIMEx_PWMN_Stop_IT                            build/stm32l4xx_hal_tim_ex.o
HAL_TIMEx_RemapConfig                             build/stm32l4xx_hal_tim_ex.o
HAL_TIM_Base_DeInit                               build/stm32l4xx_hal_tim.o
HAL_TIM_Base_GetState                             build/stm32l4xx_hal_tim.o
HAL_TIM_Base_Init                                 build/stm32l4xx_hal_tim.o
                                                  build/main.o
HAL_TIM_Base_MspDeInit                            build/stm32l4xx_hal_msp.o
HAL_TIM_Base_MspInit                              build/stm32l4xx_hal_msp.o
HAL_TIM_Base_Start                                build/stm32l4xx_hal_tim.o
HAL_TIM_Base_Start_DMA                            build/stm32l4xx_hal_tim.o
HAL_TIM_Base_Start_IT                             build/stm32l4xx_hal_tim.o
                                                  build/main.o
HAL_TIM_Base_Stop                                 build/stm32l4xx_hal_tim.o
HAL_TIM_Base_Stop_DMA                             build/stm32l4xx_hal_tim.o
HAL_TIM_Base_Stop_IT                              build/stm32l4xx_hal_tim.o
HAL_TIM_ConfigClockSource                         build/stm32l4xx_hal_tim.o
                                                  build/main.o
HAL_TIM_ConfigOCrefClear                          build/stm32l4xx_hal_tim.o
HAL_TIM_ConfigTI1Input                            build/stm32l4xx_hal_tim.o
HAL_TIM_DMABurstState                             build/stm32l4xx_hal_tim.o
HAL_TIM_DMABurst_MultiReadStart                   build/stm32l4xx_hal_tim.o
HAL_TIM_DMABurst_MultiWriteStart                  build/stm32l4xx_hal_tim.o
HAL_TIM_DMABurst_ReadStart                        build/stm32l4xx_hal_tim.o
HAL_TIM_DMABurst_ReadStop                         build/stm32l4xx_hal_tim.o
HAL_TIM_DMABurst_WriteStart                       build/stm32l4xx_hal_tim.o
HAL_TIM_DMABurst_WriteStop                        build/stm32l4xx_hal_tim.o
HAL_TIM_Encoder_DeInit                            build/stm32l4xx_hal_tim.o
HAL_TIM_Encoder_GetState                          build/stm32l4xx_hal_tim.o
HAL_TIM_Encoder_Init                              build/stm32l4xx_hal_tim.o
HAL_TIM_Encoder_MspDeInit                         build/stm32l4xx_hal_tim.o
HAL_TIM_Encoder_MspInit                           build/stm32l4xx_hal_tim.o
HAL_TIM_Encoder_Start                             build/stm32l4xx_hal_tim.o
HAL_TIM_Encoder_Start_DMA                         build/stm32l4xx_hal_tim.o
HAL_TIM_Encoder_Start_IT                          build/stm32l4xx_hal_tim.o
HAL_TIM_Encoder_Stop                              build/stm32l4xx_hal_tim.o
HAL_TIM_Encoder_Stop_DMA                          build/stm32l4xx_hal_tim.o
HAL_TIM_Encoder_Stop_IT                           build/stm32l4xx_hal_tim.o
HAL_TIM_ErrorCallback                             build/stm32l4xx_hal_tim.o
                                                  build/stm32l4xx_hal_tim_ex.o
HAL_TIM_GenerateEvent                             build/stm32l4xx_hal_tim.o
HAL_TIM_GetActiveChannel                          build/stm32l4xx_hal_tim.o
HAL_TIM_GetChannelState                           build/stm32l4xx_hal_tim.o
HAL_TIM_IC_CaptureCallback                        build/stm32l4xx_hal_tim.o
HAL_TIM_IC_CaptureHalfCpltCallback                build/stm32l4xx_hal_tim.o
HAL_TIM_IC_ConfigChannel                          build/stm32l4xx_hal_tim.o
HAL_TIM_IC_DeInit                                 build/stm32l4xx_hal_tim.o
HAL_TIM_IC_GetState                               build/stm32l4xx_hal_tim.o
HAL_TIM_IC_Init                                   build/stm32l4xx_hal_tim.o
HAL_TIM_IC_MspDeInit                              build/stm32l4xx_hal_tim.o
HAL_TIM_IC_MspInit                                build/stm32l4xx_hal_tim.o
HAL_TIM_IC_Start                                  build/stm32l4xx_hal_tim.o
HAL_TIM_IC_Start_DMA                              build/stm32l4xx_hal_tim.o
HAL_TIM_IC_Start_IT                               build/stm32l4xx_hal_tim.o
HAL_TIM_IC_Stop                                   build/stm32l4xx_hal_tim.o
HAL_TIM_IC_Stop_DMA                               build/stm32l4xx_hal_tim.o
HAL_TIM_IC_Stop_IT                                build/stm32l4xx_hal_tim.o
HAL_TIM_IRQHandler                                build/stm32l4xx_hal_tim.o
                                                  build/stm32l4xx_it.o
HAL_TIM_OC_ConfigChannel                          build/stm32l4xx_hal_tim.o
HAL_TIM_OC_DeInit                                 build/stm32l4xx_hal_tim.o
HAL_TIM_OC_DelayElapsedCallback                   build/stm32l4xx_hal_tim.o
HAL_TIM_OC_GetState                               build/stm32l4xx_hal_tim.o
HAL_TIM_OC_Init                                   build/stm32l4xx_hal_tim.o
HAL_TIM_OC_MspDeInit                              build/stm32l4xx_hal_tim.o
HAL_TIM_OC_MspInit                                build/stm32l4xx_hal_tim.o
HAL_TIM_OC_Start                                  build/stm32l4xx_hal_tim.o
HAL_TIM_OC_Start_DMA                              build/stm32l4xx_hal_tim.o
HAL_TIM_OC_Start_IT                               build/stm32l4xx_hal_tim.o
HAL_TIM_OC_Stop                                   build/stm32l4xx_hal_tim.o
HAL_TIM_OC_Stop_DMA                               build/stm32l4xx_hal_tim.o
HAL_TIM_OC_Stop_IT                                build/stm32l4xx_hal_tim.o
HAL_TIM_OnePulse_ConfigChannel                    build/stm32l4xx_hal_tim.o
HAL_TIM_OnePulse_DeInit                           build/stm32l4xx_hal_tim.o
HAL_TIM_OnePulse_GetState                         build/stm32l4xx_hal_tim.o
HAL_TIM_OnePulse_Init                             build/stm32l4xx_hal_tim.o
HAL_TIM_OnePulse_MspDeInit                        build/stm32l4xx_hal_tim.o
HAL_TIM_OnePulse_MspInit                          build/stm32l4xx_hal_tim.o
HAL_TIM_OnePulse_Start                            build/stm32l4xx_hal_tim.o
HAL_TIM_OnePulse_Start_IT                         build/stm32l4xx_hal_tim.o
HAL_TIM_OnePulse_Stop                             build/stm32l4xx_hal_tim.o
HAL_TIM_OnePulse_Stop_IT                          build/stm32l4xx_hal_tim.o
HAL_TIM_PWM_ConfigChannel                         build/stm32l4xx_hal_tim.o
HAL_TIM_PWM_DeInit                                build/stm32l4xx_hal_tim.o
HAL_TIM_PWM_GetState                              build/stm32l4xx_hal_tim.o
HAL_TIM_PWM_Init                                  build/stm32l4xx_hal_tim.o
HAL_TIM_PWM_MspDeInit                             build/stm32l4xx_hal_tim.o
HAL_TIM_PWM_MspInit                               build/stm32l4xx_hal_tim.o
HAL_TIM_PWM_PulseFinishedCallback                 build/stm32l4xx_hal_tim.o
                                                  build/stm32l4xx_hal_tim_ex.o
HAL_TIM_PWM_PulseFinishedHalfCpltCallback         build/stm32l4xx_hal_tim.o
HAL_TIM_PWM_Start                                 build/stm32l4xx_hal_tim.o
HAL_TIM_PWM_Start_DMA                             build/stm32l4xx_hal_tim.o
HAL_TIM_PWM_Start_IT                              build/stm32l4xx_hal_tim.o
HAL_TIM_PWM_Stop                                  build/stm32l4xx_hal_tim.o
HAL_TIM_PWM_Stop_DMA                              build/stm32l4xx_hal_tim.o
HAL_TIM_PWM_Stop_IT                               build/stm32l4xx_hal_tim.o
HAL_TIM_PeriodElapsedCallback                     build/main.o
HAL_TIM_PeriodElapsedHalfCpltCallback             build/stm32l4xx_hal_tim.o
HAL_TIM_ReadCapturedValue                         build/stm32l4xx_hal_tim.o
HAL_TIM_SlaveConfigSynchro                        build/stm32l4xx_hal_tim.o
HAL_TIM_SlaveConfigSynchro_IT                     build/stm32l4xx_hal_tim.o
HAL_TIM_TriggerCallback                           build/stm32l4xx_hal_tim.o
HAL_TIM_TriggerHalfCpltCallback                   build/stm32l4xx_hal_tim.o
HAL_UARTEx_DisableClockStopMode                   build/stm32l4xx_hal_uart_ex.o
HAL_UARTEx_DisableStopMode                        build/stm32l4xx_hal_uart_ex.o
HAL_UARTEx_EnableClockStopMode                    build/stm32l4xx_hal_uart_ex.o
HAL_UARTEx_EnableStopMode                         build/stm32l4xx_hal_uart_ex.o
HAL_UARTEx_GetRxEventType                         build/stm32l4xx_hal_uart_ex.o
HAL_UARTEx_ReceiveToIdle                          build/stm32l4xx_hal_uart_ex.o
HAL_UARTEx_ReceiveToIdle_DMA                      build/stm32l4xx_hal_uart_ex.o
HAL_UARTEx_ReceiveToIdle_IT                       build/stm32l4xx_hal_uart_ex.o
HAL_UARTEx_RxEventCallback                        build/stm32l4xx_hal_uart.o
HAL_UARTEx_StopModeWakeUpSourceConfig             build/stm32l4xx_hal_uart_ex.o
HAL_UARTEx_WakeupCallback                         build/stm32l4xx_hal_uart_ex.o
                                                  build/stm32l4xx_hal_uart.o
HAL_UART_Abort                                    build/stm32l4xx_hal_uart.o
HAL_UART_AbortCpltCallback                        build/stm32l4xx_hal_uart.o
HAL_UART_AbortReceive                             build/stm32l4xx_hal_uart.o
HAL_UART_AbortReceiveCpltCallback                 build/stm32l4xx_hal_uart.o
HAL_UART_AbortReceive_IT                          build/stm32l4xx_hal_uart.o
HAL_UART_AbortTransmit                            build/stm32l4xx_hal_uart.o
HAL_UART_AbortTransmitCpltCallback                build/stm32l4xx_hal_uart.o
HAL_UART_AbortTransmit_IT                         build/stm32l4xx_hal_uart.o
HAL_UART_Abort_IT                                 build/stm32l4xx_hal_uart.o
HAL_UART_DMAPause                                 build/stm32l4xx_hal_uart.o
HAL_UART_DMAResume                                build/stm32l4xx_hal_uart.o
HAL_UART_DMAStop                                  build/stm32l4xx_hal_uart.o
HAL_UART_DeInit                                   build/stm32l4xx_hal_uart.o
HAL_UART_DisableReceiverTimeout                   build/stm32l4xx_hal_uart.o
HAL_UART_EnableReceiverTimeout                    build/stm32l4xx_hal_uart.o
HAL_UART_ErrorCallback                            build/stm32l4xx_hal_uart.o
HAL_UART_GetError                                 build/stm32l4xx_hal_uart.o
HAL_UART_GetState                                 build/stm32l4xx_hal_uart.o
HAL_UART_IRQHandler                               build/stm32l4xx_hal_uart.o
                                                  build/stm32l4xx_it.o
HAL_UART_Init                                     build/stm32l4xx_hal_uart.o
                                                  build/main.o
HAL_UART_MspDeInit                                build/stm32l4xx_hal_msp.o
HAL_UART_MspInit                                  build/stm32l4xx_hal_msp.o
                                                  build/stm32l4xx_hal_uart_ex.o
HAL_UART_Receive                                  build/stm32l4xx_hal_uart.o
HAL_UART_Receive_DMA                              build/stm32l4xx_hal_uart.o
HAL_UART_Receive_IT                               build/stm32l4xx_hal_uart.o
                                                  build/main.o
HAL_UART_ReceiverTimeout_Config                   build/stm32l4xx_hal_uart.o
HAL_UART_RxCpltCallback                           build/stm32l4xx_hal_uart.o
HAL_UART_RxHalfCpltCallback                       build/stm32l4xx_hal_uart.o
HAL_UART_Transmit                                 build/stm32l4xx_hal_uart.o
HAL_UART_Transmit_DMA                             build/stm32l4xx_hal_uart.o
HAL_UART_Transmit_IT                              build/stm32l4xx_hal_uart.o
                                                  build/main.o
HAL_UART_TxCpltCallback                           build/stm32l4xx_hal_uart.o
HAL_UART_TxHalfCpltCallback                       build/stm32l4xx_hal_uart.o
HardFault_Handler                                 build/stm32l4xx_it.o
I2C1_ER_IRQHandler                                build/startup_stm32l433xx.o
I2C1_EV_IRQHandler                                build/startup_stm32l433xx.o
I2C2_ER_IRQHandler                                build/startup_stm32l433xx.o
I2C2_EV_IRQHandler                                build/startup_stm32l433xx.o
I2C3_ER_IRQHandler                                build/startup_stm32l433xx.o
I2C3_EV_IRQHandler                                build/startup_stm32l433xx.o
LCD_IRQHandler                                    build/startup_stm32l433xx.o
LPTIM1_IRQHandler                                 build/startup_stm32l433xx.o
LPTIM2_IRQHandler                                 build/startup_stm32l433xx.o
LPUART1_IRQHandler                                build/startup_stm32l433xx.o
MSIRangeTable                                     build/system_stm32l4xx.o
                                                  build/stm32l4xx_hal_rcc_ex.o
                                                  build/stm32l4xx_hal_rcc.o
MemManage_Handler                                 build/stm32l4xx_it.o
NMI_Handler                                       build/stm32l4xx_it.o
PVD_PVM_IRQHandler                                build/startup_stm32l433xx.o
PendSV_Handler                                    build/stm32l4xx_it.o
QUADSPI_IRQHandler                                build/startup_stm32l433xx.o
RCC_IRQHandler                                    build/startup_stm32l433xx.o
RNG_IRQHandler                                    build/startup_stm32l433xx.o
RTC_Alarm_IRQHandler                              build/startup_stm32l433xx.o
RTC_WKUP_IRQHandler                               build/startup_stm32l433xx.o
Reset_Handler                                     build/startup_stm32l433xx.o
SAI1_IRQHandler                                   build/startup_stm32l433xx.o
SDMMC1_IRQHandler                                 build/startup_stm32l433xx.o
SPI1_IRQHandler                                   build/startup_stm32l433xx.o
SPI2_IRQHandler                                   build/startup_stm32l433xx.o
SPI3_IRQHandler                                   build/startup_stm32l433xx.o
SVC_Handler                                       build/stm32l4xx_it.o
SWPMI1_IRQHandler                                 build/startup_stm32l433xx.o
SysTick_Handler                                   build/stm32l4xx_it.o
SystemClock_Config                                build/main.o
SystemCoreClock                                   build/system_stm32l4xx.o
                                                  build/stm32l4xx_hal_pwr_ex.o
                                                  build/stm32l4xx_hal_rcc.o
                                                  build/stm32l4xx_hal.o
SystemCoreClockUpdate                             build/system_stm32l4xx.o
SystemInit                                        build/system_stm32l4xx.o
                                                  build/startup_stm32l433xx.o
TAMP_STAMP_IRQHandler                             build/startup_stm32l433xx.o
TIM1_BRK_TIM15_IRQHandler                         build/startup_stm32l433xx.o
TIM1_CC_IRQHandler                                build/startup_stm32l433xx.o
TIM1_TRG_COM_IRQHandler                           build/startup_stm32l433xx.o
TIM1_UP_TIM16_IRQHandler                          build/startup_stm32l433xx.o
TIM2_IRQHandler                                   build/stm32l4xx_it.o
TIM6_DAC_IRQHandler                               build/startup_stm32l433xx.o
TIM7_IRQHandler                                   build/startup_stm32l433xx.o
TIMEx_DMACommutationCplt                          build/stm32l4xx_hal_tim_ex.o
                                                  build/stm32l4xx_hal_tim.o
TIMEx_DMACommutationHalfCplt                      build/stm32l4xx_hal_tim_ex.o
                                                  build/stm32l4xx_hal_tim.o
TIM_Base_SetConfig                                build/stm32l4xx_hal_tim.o
                                                  build/stm32l4xx_hal_tim_ex.o
TIM_CCxChannelCmd                                 build/stm32l4xx_hal_tim.o
                                                  build/stm32l4xx_hal_tim_ex.o
TIM_DMACaptureCplt                                build/stm32l4xx_hal_tim.o
                                                  build/stm32l4xx_hal_tim_ex.o
TIM_DMACaptureHalfCplt                            build/stm32l4xx_hal_tim.o
                                                  build/stm32l4xx_hal_tim_ex.o
TIM_DMADelayPulseHalfCplt                         build/stm32l4xx_hal_tim.o
                                                  build/stm32l4xx_hal_tim_ex.o
TIM_DMAError                                      build/stm32l4xx_hal_tim.o
                                                  build/stm32l4xx_hal_tim_ex.o
TIM_ETR_SetConfig                                 build/stm32l4xx_hal_tim.o
TIM_OC2_SetConfig                                 build/stm32l4xx_hal_tim.o
                                                  build/stm32l4xx_hal_tim_ex.o
TIM_TI1_SetConfig                                 build/stm32l4xx_hal_tim.o
                                                  build/stm32l4xx_hal_tim_ex.o
TSC_IRQHandler                                    build/startup_stm32l433xx.o
UART_AdvFeatureConfig                             build/stm32l4xx_hal_uart.o
                                                  build/stm32l4xx_hal_uart_ex.o
UART_CheckIdleState                               build/stm32l4xx_hal_uart.o
                                                  build/stm32l4xx_hal_uart_ex.o
UART_SetConfig                                    build/stm32l4xx_hal_uart.o
                                                  build/stm32l4xx_hal_uart_ex.o
UART_Start_Receive_DMA                            build/stm32l4xx_hal_uart.o
                                                  build/stm32l4xx_hal_uart_ex.o
UART_Start_Receive_IT                             build/stm32l4xx_hal_uart.o
                                                  build/stm32l4xx_hal_uart_ex.o
UART_WaitOnFlagUntilTimeout                       build/stm32l4xx_hal_uart.o
                                                  build/stm32l4xx_hal_uart_ex.o
USART1_IRQHandler                                 build/stm32l4xx_it.o
USART2_IRQHandler                                 build/startup_stm32l433xx.o
USART3_IRQHandler                                 build/startup_stm32l433xx.o
USB_IRQHandler                                    build/startup_stm32l433xx.o
UsageFault_Handler                                build/stm32l4xx_it.o
WWDG_IRQHandler                                   build/startup_stm32l433xx.o
_Min_Stack_Size                                   build/sysmem.o
__aeabi_idiv0                                     c:/program files (x86)/gnu arm embedded toolchain/10 2021.10/bin/../lib/gcc/arm-none-eabi/10.3.1/thumb/v7e-m+fp/hard\libgcc.a(_dvmd_tls.o)
__aeabi_ldiv0                                     c:/program files (x86)/gnu arm embedded toolchain/10 2021.10/bin/../lib/gcc/arm-none-eabi/10.3.1/thumb/v7e-m+fp/hard\libgcc.a(_dvmd_tls.o)
                                                  c:/program files (x86)/gnu arm embedded toolchain/10 2021.10/bin/../lib/gcc/arm-none-eabi/10.3.1/thumb/v7e-m+fp/hard\libgcc.a(_aeabi_uldivmod.o)
__aeabi_uldivmod                                  c:/program files (x86)/gnu arm embedded toolchain/10 2021.10/bin/../lib/gcc/arm-none-eabi/10.3.1/thumb/v7e-m+fp/hard\libgcc.a(_aeabi_uldivmod.o)
                                                  build/stm32l4xx_hal_uart.o
__bss_end__                                       c:/program files (x86)/gnu arm embedded toolchain/10 2021.10/bin/../lib/gcc/arm-none-eabi/10.3.1/../../../../arm-none-eabi/lib/thumb/v7e-m+fp/hard/crt0.o
__bss_start__                                     c:/program files (x86)/gnu arm embedded toolchain/10 2021.10/bin/../lib/gcc/arm-none-eabi/10.3.1/../../../../arm-none-eabi/lib/thumb/v7e-m+fp/hard/crt0.o
__call_exitprocs                                  c:/program files (x86)/gnu arm embedded toolchain/10 2021.10/bin/../lib/gcc/arm-none-eabi/10.3.1/../../../../arm-none-eabi/lib/thumb/v7e-m+fp/hard\libc_nano.a(lib_a-exit.o)
__deregister_frame_info                           c:/program files (x86)/gnu arm embedded toolchain/10 2021.10/bin/../lib/gcc/arm-none-eabi/10.3.1/thumb/v7e-m+fp/hard/crtbegin.o
__dso_handle                                      c:/program files (x86)/gnu arm embedded toolchain/10 2021.10/bin/../lib/gcc/arm-none-eabi/10.3.1/thumb/v7e-m+fp/hard/crtbegin.o
__env                                             build/syscalls.o
__errno                                           c:/program files (x86)/gnu arm embedded toolchain/10 2021.10/bin/../lib/gcc/arm-none-eabi/10.3.1/../../../../arm-none-eabi/lib/thumb/v7e-m+fp/hard\libc_nano.a(lib_a-errno.o)
                                                  build/syscalls.o
                                                  build/sysmem.o
__init_array_end                                  c:/program files (x86)/gnu arm embedded toolchain/10 2021.10/bin/../lib/gcc/arm-none-eabi/10.3.1/../../../../arm-none-eabi/lib/thumb/v7e-m+fp/hard\libc_nano.a(lib_a-init.o)
__init_array_start                                c:/program files (x86)/gnu arm embedded toolchain/10 2021.10/bin/../lib/gcc/arm-none-eabi/10.3.1/../../../../arm-none-eabi/lib/thumb/v7e-m+fp/hard\libc_nano.a(lib_a-init.o)
__io_getchar                                      build/syscalls.o
__io_putchar                                      build/syscalls.o
__libc_fini_array                                 c:/program files (x86)/gnu arm embedded toolchain/10 2021.10/bin/../lib/gcc/arm-none-eabi/10.3.1/../../../../arm-none-eabi/lib/thumb/v7e-m+fp/hard/crt0.o
__libc_init_array                                 c:/program files (x86)/gnu arm embedded toolchain/10 2021.10/bin/../lib/gcc/arm-none-eabi/10.3.1/../../../../arm-none-eabi/lib/thumb/v7e-m+fp/hard\libc_nano.a(lib_a-init.o)
                                                  build/startup_stm32l433xx.o
                                                  c:/program files (x86)/gnu arm embedded toolchain/10 2021.10/bin/../lib/gcc/arm-none-eabi/10.3.1/../../../../arm-none-eabi/lib/thumb/v7e-m+fp/hard/crt0.o
__preinit_array_end                               c:/program files (x86)/gnu arm embedded toolchain/10 2021.10/bin/../lib/gcc/arm-none-eabi/10.3.1/../../../../arm-none-eabi/lib/thumb/v7e-m+fp/hard\libc_nano.a(lib_a-init.o)
__preinit_array_start                             c:/program files (x86)/gnu arm embedded toolchain/10 2021.10/bin/../lib/gcc/arm-none-eabi/10.3.1/../../../../arm-none-eabi/lib/thumb/v7e-m+fp/hard\libc_nano.a(lib_a-init.o)
__register_frame_info                             c:/program files (x86)/gnu arm embedded toolchain/10 2021.10/bin/../lib/gcc/arm-none-eabi/10.3.1/thumb/v7e-m+fp/hard/crtbegin.o
__sf_fake_stderr                                  c:/program files (x86)/gnu arm embedded toolchain/10 2021.10/bin/../lib/gcc/arm-none-eabi/10.3.1/../../../../arm-none-eabi/lib/thumb/v7e-m+fp/hard\libc_nano.a(lib_a-impure.o)
__sf_fake_stdin                                   c:/program files (x86)/gnu arm embedded toolchain/10 2021.10/bin/../lib/gcc/arm-none-eabi/10.3.1/../../../../arm-none-eabi/lib/thumb/v7e-m+fp/hard\libc_nano.a(lib_a-impure.o)
__sf_fake_stdout                                  c:/program files (x86)/gnu arm embedded toolchain/10 2021.10/bin/../lib/gcc/arm-none-eabi/10.3.1/../../../../arm-none-eabi/lib/thumb/v7e-m+fp/hard\libc_nano.a(lib_a-impure.o)
__stack                                           c:/program files (x86)/gnu arm embedded toolchain/10 2021.10/bin/../lib/gcc/arm-none-eabi/10.3.1/../../../../arm-none-eabi/lib/thumb/v7e-m+fp/hard/crt0.o
__udivmoddi4                                      c:/program files (x86)/gnu arm embedded toolchain/10 2021.10/bin/../lib/gcc/arm-none-eabi/10.3.1/thumb/v7e-m+fp/hard\libgcc.a(_udivmoddi4.o)
                                                  c:/program files (x86)/gnu arm embedded toolchain/10 2021.10/bin/../lib/gcc/arm-none-eabi/10.3.1/thumb/v7e-m+fp/hard\libgcc.a(_aeabi_uldivmod.o)
_close                                            build/syscalls.o
_ebss                                             build/startup_stm32l433xx.o
_edata                                            build/startup_stm32l433xx.o
_end                                              build/sysmem.o
_estack                                           build/startup_stm32l433xx.o
                                                  build/sysmem.o
_execve                                           build/syscalls.o
_exit                                             build/syscalls.o
                                                  c:/program files (x86)/gnu arm embedded toolchain/10 2021.10/bin/../lib/gcc/arm-none-eabi/10.3.1/../../../../arm-none-eabi/lib/thumb/v7e-m+fp/hard\libc_nano.a(lib_a-exit.o)
_fini                                             c:/program files (x86)/gnu arm embedded toolchain/10 2021.10/bin/../lib/gcc/arm-none-eabi/10.3.1/thumb/v7e-m+fp/hard/crti.o
_fork                                             build/syscalls.o
_fstat                                            build/syscalls.o